[1/141] AC-6(9).r0-r01
[2/141] AC-6(9).r0-r02
[3/141] AC-6(9).r0-r03
[4/141] AC-6(9).r1-r01
[5/141] AC-6(9).r1-r02
[6/141] AC-6(9).r1-r03
[7/141] AC-6(9).r2-r01
[8/141] AC-6(9).r2-r02
[9/141] AC-6(9).r2-r03
[10/141] AC-6(9).r3-r01
[11/141] AC-6(9).r3-r02
[12/141] AC-6(9).r3-r03
[13/141] AU-8.r0-r01
[14/141] AU-8.r0-r02
[15/141] AU-8.r0-r03
[16/141] AU-8.r1-r01
[17/141] AU-8.r1-r02
[18/141] AU-8.r1-r03
[19/141] AU-8.r2-r01
[20/141] AU-8.r2-r02
[21/141] AU-8.r2-r03
[22/141] AU-8.r3-r01
[23/141] AU-8.r3-r02
[24/141] AU-8.r3-r03
[25/141] CM-2.r0-r01
[26/141] CM-2.r0-r02
[27/141] CM-2.r0-r03
[28/141] CM-2.r1-r01
[29/141] CM-2.r1-r02
[30/141] CM-2.r1-r03
[31/141] CM-2.r2-r01
[32/141] CM-2.r2-r02
[33/141] CM-2.r2-r03
[34/141] CM-2.r3-r01
[35/141] CM-2.r3-r02
[36/141] CM-2.r3-r03
[37/141] CM-3(1).r0-r01
[38/141] CM-3(1).r0-r02
[39/141] CM-3(1).r0-r03
[40/141] CM-3(1).r1-r01
[41/141] CM-3(1).r1-r02
[42/141] CM-3(1).r1-r03
[43/141] CM-3(1).r2-r01
[44/141] CM-3(1).r2-r02
[45/141] CM-3(1).r2-r03
[46/141] CM-3(1).r3-r01
[47/141] CM-3(1).r3-r02
[48/141] CM-3(1).r3-r03
[49/141] CM-3(1).r4-r01
[50/141] CM-3(1).r4-r02
[51/141] CM-3(1).r4-r03
[52/141] CM-3(2).r0-r01
[53/141] CM-3(2).r0-r02
[54/141] CM-3(2).r0-r03
[55/141] CM-3(2).r1-r01
[56/141] CM-3(2).r1-r02
[57/141] CM-3(2).r1-r03
[58/141] CM-3(2).r2-r01
[59/141] CM-3(2).r2-r02
[60/141] CM-3(2).r2-r03
[61/141] CM-3(2).r3-r01
[62/141] CM-3(2).r3-r02
[63/141] CM-3(2).r3-r03
[64/141] CM-3(2).r4-r01
[65/141] CM-3(2).r4-r02
[66/141] CM-3(2).r4-r03
[67/141] CM-3.r0-r01
[68/141] CM-3.r0-r02
[69/141] CM-3.r0-r03
[70/141] CM-3.r1-r01
[71/141] CM-3.r1-r02
[72/141] CM-3.r1-r03
[73/141] CM-3.r2-r01
[74/141] CM-3.r2-r02
[75/141] CM-3.r2-r03
[76/141] CM-3.r3-r01
[77/141] CM-3.r3-r02
[78/141] CM-3.r3-r03
[79/141] CM-3.r4-r01
[80/141] CM-3.r4-r02
[81/141] CM-3.r4-r03
[82/141] CM-8(1).r0-r01
[83/141] CM-8(1).r0-r02
[84/141] CM-8(1).r0-r03
[85/141] CM-8(1).r1-r01
[86/141] CM-8(1).r1-r02
[87/141] CM-8(1).r1-r03
[88/141] CM-8(1).r2-r01
[89/141] CM-8(1).r2-r02
[90/141] CM-8(1).r2-r03
[91/141] CM-8(1).r3-r01
[92/141] CM-8(1).r3-r02
[93/141] CM-8(1).r3-r03
[94/141] CM-8(1).r4-r01
[95/141] CM-8(1).r4-r02
[96/141] CM-8(1).r4-r03
[97/141] SA-10.r0-r01
[98/141] SA-10.r0-r02
[99/141] SA-10.r0-r03
[100/141] SA-10.r1-r01
[101/141] SA-10.r1-r02
[102/141] SA-10.r1-r03
[103/141] SA-10.r2-r01
[104/141] SA-10.r2-r02
[105/141] SA-10.r2-r03
[106/141] SA-10.r3-r01
[107/141] SA-10.r3-r02
[108/141] SA-10.r3-r03
[109/141] SA-10.r4-r01
[110/141] SA-10.r4-r02
[111/141] SA-10.r4-r03
[112/141] SA-4(8).r0-r01
[113/141] SA-4(8).r0-r02
[114/141] SA-4(8).r0-r03
[115/141] SA-4(8).r1-r01
[116/141] SA-4(8).r1-r02
[117/141] SA-4(8).r1-r03
[118/141] SA-4(8).r2-r01
[119/141] SA-4(8).r2-r02
[120/141] SA-4(8).r2-r03
[121/141] SA-4(8).r3-r01
[122/141] SA-4(8).r3-r02
[123/141] SA-4(8).r3-r03
[124/141] SA-4(8).r4-r01
[125/141] SA-4(8).r4-r02
[126/141] SA-4(8).r4-r03
[127/141] SI-2.r0-r01
[128/141] SI-2.r0-r02
[129/141] SI-2.r0-r03
[130/141] SI-2.r1-r01
[131/141] SI-2.r1-r02
[132/141] SI-2.r1-r03
[133/141] SI-2.r2-r01
[134/141] SI-2.r2-r02
[135/141] SI-2.r2-r03
[136/141] SI-2.r3-r01
[137/141] SI-2.r3-r02
[138/141] SI-2.r3-r03
[139/141] SI-2.r4-r01
[140/141] SI-2.r4-r02
[141/141] SI-2.r4-r03
done. completed=141 failed=0
