[1/600] AC-2(7).v0-r01
[2/600] AC-2(7).v0-r02
[3/600] AC-2(7).v0-r03
[4/600] AC-2(7).v1-r01
[5/600] AC-2(7).v1-r02
[6/600] AC-2(7).v1-r03
[7/600] AC-2(7).v2-r01
[8/600] AC-2(7).v2-r02
  retry once: AC-2(7).v2-r02 rc=1
  FAILED AC-2(7).v2-r02
[9/600] AC-2(7).v2-r03
  retry once: AC-2(7).v2-r03 rc=1
  FAILED AC-2(7).v2-r03
[10/600] AC-2(7).v3-r01
  retry once: AC-2(7).v3-r01 rc=1
  FAILED AC-2(7).v3-r01
[11/600] AC-2(7).v3-r02
  retry once: AC-2(7).v3-r02 rc=1
  FAILED AC-2(7).v3-r02
[12/600] AC-2(7).v3-r03
  retry once: AC-2(7).v3-r03 rc=1
  FAILED AC-2(7).v3-r03
[13/600] AC-2(7).v4-r01
  retry once: AC-2(7).v4-r01 rc=1
  FAILED AC-2(7).v4-r01
[14/600] AC-2(7).v4-r02
  retry once: AC-2(7).v4-r02 rc=1
  FAILED AC-2(7).v4-r02
[15/600] AC-2(7).v4-r03
  retry once: AC-2(7).v4-r03 rc=1
  FAILED AC-2(7).v4-r03
[16/600] AC-3.v0-r01
  retry once: AC-3.v0-r01 rc=1
  FAILED AC-3.v0-r01
[17/600] AC-3.v0-r02
  retry once: AC-3.v0-r02 rc=1
  FAILED AC-3.v0-r02
[18/600] AC-3.v0-r03
  retry once: AC-3.v0-r03 rc=1
  FAILED AC-3.v0-r03
[19/600] AC-3.v1-r01
  retry once: AC-3.v1-r01 rc=1
  FAILED AC-3.v1-r01
[20/600] AC-3.v1-r02
  retry once: AC-3.v1-r02 rc=1
  FAILED AC-3.v1-r02
[21/600] AC-3.v1-r03
  retry once: AC-3.v1-r03 rc=1
  FAILED AC-3.v1-r03
[22/600] AC-3.v2-r01
  retry once: AC-3.v2-r01 rc=1
  FAILED AC-3.v2-r01
[23/600] AC-3.v2-r02
  retry once: AC-3.v2-r02 rc=1
  FAILED AC-3.v2-r02
[24/600] AC-3.v2-r03
  retry once: AC-3.v2-r03 rc=1
  FAILED AC-3.v2-r03
[25/600] AC-3.v3-r01
  retry once: AC-3.v3-r01 rc=1
  FAILED AC-3.v3-r01
[26/600] AC-3.v3-r02
  retry once: AC-3.v3-r02 rc=1
  FAILED AC-3.v3-r02
[27/600] AC-3.v3-r03
  retry once: AC-3.v3-r03 rc=1
  FAILED AC-3.v3-r03
[28/600] AC-3.v4-r01
  retry once: AC-3.v4-r01 rc=1
  FAILED AC-3.v4-r01
[29/600] AC-3.v4-r02
  retry once: AC-3.v4-r02 rc=1
  FAILED AC-3.v4-r02
[30/600] AC-3.v4-r03
  retry once: AC-3.v4-r03 rc=1
  FAILED AC-3.v4-r03
[31/600] AC-5.v0-r01
  retry once: AC-5.v0-r01 rc=1
  FAILED AC-5.v0-r01
[32/600] AC-5.v0-r02
  retry once: AC-5.v0-r02 rc=1
  FAILED AC-5.v0-r02
[33/600] AC-5.v0-r03
  retry once: AC-5.v0-r03 rc=1
  FAILED AC-5.v0-r03
[34/600] AC-5.v1-r01
  retry once: AC-5.v1-r01 rc=1
  FAILED AC-5.v1-r01
[35/600] AC-5.v1-r02
  retry once: AC-5.v1-r02 rc=1
  FAILED AC-5.v1-r02
[36/600] AC-5.v1-r03
  retry once: AC-5.v1-r03 rc=1
  FAILED AC-5.v1-r03
[37/600] AC-5.v2-r01
  retry once: AC-5.v2-r01 rc=1
  FAILED AC-5.v2-r01
[38/600] AC-5.v2-r02
  retry once: AC-5.v2-r02 rc=1
  FAILED AC-5.v2-r02
[39/600] AC-5.v2-r03
  retry once: AC-5.v2-r03 rc=1
  FAILED AC-5.v2-r03
[40/600] AC-5.v3-r01
  retry once: AC-5.v3-r01 rc=1
  FAILED AC-5.v3-r01
[41/600] AC-5.v3-r02
  retry once: AC-5.v3-r02 rc=1
  FAILED AC-5.v3-r02
[42/600] AC-5.v3-r03
  retry once: AC-5.v3-r03 rc=1
  FAILED AC-5.v3-r03
[43/600] AC-5.v4-r01
  retry once: AC-5.v4-r01 rc=1
  FAILED AC-5.v4-r01
[44/600] AC-5.v4-r02
  retry once: AC-5.v4-r02 rc=1
  FAILED AC-5.v4-r02
[45/600] AC-5.v4-r03
  retry once: AC-5.v4-r03 rc=1
  FAILED AC-5.v4-r03
[46/600] AC-6(10).v0-r01
  retry once: AC-6(10).v0-r01 rc=1
  FAILED AC-6(10).v0-r01
[47/600] AC-6(10).v0-r02
  retry once: AC-6(10).v0-r02 rc=1
  FAILED AC-6(10).v0-r02
[48/600] AC-6(10).v0-r03
  retry once: AC-6(10).v0-r03 rc=1
  FAILED AC-6(10).v0-r03
[49/600] AC-6(10).v1-r01
  retry once: AC-6(10).v1-r01 rc=1
  FAILED AC-6(10).v1-r01
[50/600] AC-6(10).v1-r02
  retry once: AC-6(10).v1-r02 rc=1
  FAILED AC-6(10).v1-r02
[51/600] AC-6(10).v1-r03
  retry once: AC-6(10).v1-r03 rc=1
  FAILED AC-6(10).v1-r03
[52/600] AC-6(10).v2-r01
  retry once: AC-6(10).v2-r01 rc=1
  FAILED AC-6(10).v2-r01
[53/600] AC-6(10).v2-r02
  retry once: AC-6(10).v2-r02 rc=1
  FAILED AC-6(10).v2-r02
[54/600] AC-6(10).v2-r03
  retry once: AC-6(10).v2-r03 rc=1
  FAILED AC-6(10).v2-r03
[55/600] AC-6(10).v3-r01
  retry once: AC-6(10).v3-r01 rc=1
  FAILED AC-6(10).v3-r01
[56/600] AC-6(10).v3-r02
  retry once: AC-6(10).v3-r02 rc=1
  FAILED AC-6(10).v3-r02
[57/600] AC-6(10).v3-r03
  retry once: AC-6(10).v3-r03 rc=1
  FAILED AC-6(10).v3-r03
[58/600] AC-6(10).v4-r01
  retry once: AC-6(10).v4-r01 rc=1
  FAILED AC-6(10).v4-r01
[59/600] AC-6(10).v4-r02
  retry once: AC-6(10).v4-r02 rc=1
  FAILED AC-6(10).v4-r02
[60/600] AC-6(10).v4-r03
  retry once: AC-6(10).v4-r03 rc=1
  FAILED AC-6(10).v4-r03
[61/600] AC-6(5).v0-r01
  retry once: AC-6(5).v0-r01 rc=1
  FAILED AC-6(5).v0-r01
[62/600] AC-6(5).v0-r02
  retry once: AC-6(5).v0-r02 rc=1
  FAILED AC-6(5).v0-r02
[63/600] AC-6(5).v0-r03
  retry once: AC-6(5).v0-r03 rc=1
  FAILED AC-6(5).v0-r03
[64/600] AC-6(5).v1-r01
  retry once: AC-6(5).v1-r01 rc=1
  FAILED AC-6(5).v1-r01
[65/600] AC-6(5).v1-r02
  retry once: AC-6(5).v1-r02 rc=1
  FAILED AC-6(5).v1-r02
[66/600] AC-6(5).v1-r03
  retry once: AC-6(5).v1-r03 rc=1
  FAILED AC-6(5).v1-r03
[67/600] AC-6(5).v2-r01
  retry once: AC-6(5).v2-r01 rc=1
  FAILED AC-6(5).v2-r01
[68/600] AC-6(5).v2-r02
  retry once: AC-6(5).v2-r02 rc=1
  FAILED AC-6(5).v2-r02
[69/600] AC-6(5).v2-r03
  retry once: AC-6(5).v2-r03 rc=1
  FAILED AC-6(5).v2-r03
[70/600] AC-6(5).v3-r01
  retry once: AC-6(5).v3-r01 rc=1
  FAILED AC-6(5).v3-r01
[71/600] AC-6(5).v3-r02
  retry once: AC-6(5).v3-r02 rc=1
  FAILED AC-6(5).v3-r02
[72/600] AC-6(5).v3-r03
  retry once: AC-6(5).v3-r03 rc=1
  FAILED AC-6(5).v3-r03
[73/600] AC-6(5).v4-r01
  retry once: AC-6(5).v4-r01 rc=1
  FAILED AC-6(5).v4-r01
[74/600] AC-6(5).v4-r02
  retry once: AC-6(5).v4-r02 rc=1
  FAILED AC-6(5).v4-r02
[75/600] AC-6(5).v4-r03
  retry once: AC-6(5).v4-r03 rc=1
  FAILED AC-6(5).v4-r03
[76/600] AC-6(7).v0-r01
  retry once: AC-6(7).v0-r01 rc=1
  FAILED AC-6(7).v0-r01
[77/600] AC-6(7).v0-r02
  retry once: AC-6(7).v0-r02 rc=1
  FAILED AC-6(7).v0-r02
[78/600] AC-6(7).v0-r03
  retry once: AC-6(7).v0-r03 rc=1
  FAILED AC-6(7).v0-r03
[79/600] AC-6(7).v1-r01
  retry once: AC-6(7).v1-r01 rc=1
  FAILED AC-6(7).v1-r01
[80/600] AC-6(7).v1-r02
  retry once: AC-6(7).v1-r02 rc=1
  FAILED AC-6(7).v1-r02
[81/600] AC-6(7).v1-r03
  retry once: AC-6(7).v1-r03 rc=1
  FAILED AC-6(7).v1-r03
[82/600] AC-6(7).v2-r01
  retry once: AC-6(7).v2-r01 rc=1
  FAILED AC-6(7).v2-r01
[83/600] AC-6(7).v2-r02
  retry once: AC-6(7).v2-r02 rc=1
  FAILED AC-6(7).v2-r02
[84/600] AC-6(7).v2-r03
  retry once: AC-6(7).v2-r03 rc=1
  FAILED AC-6(7).v2-r03
[85/600] AC-6(7).v3-r01
  retry once: AC-6(7).v3-r01 rc=1
  FAILED AC-6(7).v3-r01
[86/600] AC-6(7).v3-r02
  retry once: AC-6(7).v3-r02 rc=1
  FAILED AC-6(7).v3-r02
[87/600] AC-6(7).v3-r03
  retry once: AC-6(7).v3-r03 rc=1
  FAILED AC-6(7).v3-r03
[88/600] AC-6(7).v4-r01
  retry once: AC-6(7).v4-r01 rc=1
  FAILED AC-6(7).v4-r01
[89/600] AC-6(7).v4-r02
  retry once: AC-6(7).v4-r02 rc=1
  FAILED AC-6(7).v4-r02
[90/600] AC-6(7).v4-r03
  retry once: AC-6(7).v4-r03 rc=1
  FAILED AC-6(7).v4-r03
[91/600] AC-6(9).v0-r01
  retry once: AC-6(9).v0-r01 rc=1
  FAILED AC-6(9).v0-r01
[92/600] AC-6(9).v0-r02
  retry once: AC-6(9).v0-r02 rc=1
  FAILED AC-6(9).v0-r02
[93/600] AC-6(9).v0-r03
  retry once: AC-6(9).v0-r03 rc=1
  FAILED AC-6(9).v0-r03
[94/600] AC-6(9).v1-r01
  retry once: AC-6(9).v1-r01 rc=1
  FAILED AC-6(9).v1-r01
[95/600] AC-6(9).v1-r02
  retry once: AC-6(9).v1-r02 rc=1
  FAILED AC-6(9).v1-r02
[96/600] AC-6(9).v1-r03
  retry once: AC-6(9).v1-r03 rc=1
  FAILED AC-6(9).v1-r03
[97/600] AC-6(9).v2-r01
  retry once: AC-6(9).v2-r01 rc=1
  FAILED AC-6(9).v2-r01
[98/600] AC-6(9).v2-r02
  retry once: AC-6(9).v2-r02 rc=1
  FAILED AC-6(9).v2-r02
[99/600] AC-6(9).v2-r03
  retry once: AC-6(9).v2-r03 rc=1
  FAILED AC-6(9).v2-r03
[100/600] AC-6(9).v3-r01
  retry once: AC-6(9).v3-r01 rc=1
  FAILED AC-6(9).v3-r01
[101/600] AC-6(9).v3-r02
  retry once: AC-6(9).v3-r02 rc=1
  FAILED AC-6(9).v3-r02
[102/600] AC-6(9).v3-r03
  retry once: AC-6(9).v3-r03 rc=1
  FAILED AC-6(9).v3-r03
[103/600] AC-6(9).v4-r01
  retry once: AC-6(9).v4-r01 rc=1
  FAILED AC-6(9).v4-r01
[104/600] AC-6(9).v4-r02
  retry once: AC-6(9).v4-r02 rc=1
  FAILED AC-6(9).v4-r02
[105/600] AC-6(9).v4-r03
  retry once: AC-6(9).v4-r03 rc=1
  FAILED AC-6(9).v4-r03
[106/600] AC-6.v0-r01
  retry once: AC-6.v0-r01 rc=1
  FAILED AC-6.v0-r01
[107/600] AC-6.v0-r02
  retry once: AC-6.v0-r02 rc=1
  FAILED AC-6.v0-r02
[108/600] AC-6.v0-r03
  retry once: AC-6.v0-r03 rc=1
  FAILED AC-6.v0-r03
[109/600] AC-6.v1-r01
  retry once: AC-6.v1-r01 rc=1
  FAILED AC-6.v1-r01
[110/600] AC-6.v1-r02
  retry once: AC-6.v1-r02 rc=1
  FAILED AC-6.v1-r02
[111/600] AC-6.v1-r03
  retry once: AC-6.v1-r03 rc=1
  FAILED AC-6.v1-r03
[112/600] AC-6.v2-r01
  retry once: AC-6.v2-r01 rc=1
  FAILED AC-6.v2-r01
[113/600] AC-6.v2-r02
  retry once: AC-6.v2-r02 rc=1
  FAILED AC-6.v2-r02
[114/600] AC-6.v2-r03
  retry once: AC-6.v2-r03 rc=1
  FAILED AC-6.v2-r03
[115/600] AC-6.v3-r01
  retry once: AC-6.v3-r01 rc=1
  FAILED AC-6.v3-r01
[116/600] AC-6.v3-r02
  retry once: AC-6.v3-r02 rc=1
  FAILED AC-6.v3-r02
[117/600] AC-6.v3-r03
  retry once: AC-6.v3-r03 rc=1
  FAILED AC-6.v3-r03
[118/600] AC-6.v4-r01
  retry once: AC-6.v4-r01 rc=1
  FAILED AC-6.v4-r01
[119/600] AC-6.v4-r02
  retry once: AC-6.v4-r02 rc=1
  FAILED AC-6.v4-r02
[120/600] AC-6.v4-r03
  retry once: AC-6.v4-r03 rc=1
  FAILED AC-6.v4-r03
[121/600] AU-12(1).v0-r01
  retry once: AU-12(1).v0-r01 rc=1
  FAILED AU-12(1).v0-r01
[122/600] AU-12(1).v0-r02
  retry once: AU-12(1).v0-r02 rc=1
  FAILED AU-12(1).v0-r02
[123/600] AU-12(1).v0-r03
  retry once: AU-12(1).v0-r03 rc=1
  FAILED AU-12(1).v0-r03
[124/600] AU-12(1).v1-r01
  retry once: AU-12(1).v1-r01 rc=1
  FAILED AU-12(1).v1-r01
[125/600] AU-12(1).v1-r02
  retry once: AU-12(1).v1-r02 rc=1
  FAILED AU-12(1).v1-r02
[126/600] AU-12(1).v1-r03
  retry once: AU-12(1).v1-r03 rc=1
  FAILED AU-12(1).v1-r03
[127/600] AU-12(1).v2-r01
  retry once: AU-12(1).v2-r01 rc=1
  FAILED AU-12(1).v2-r01
[128/600] AU-12(1).v2-r02
  retry once: AU-12(1).v2-r02 rc=1
  FAILED AU-12(1).v2-r02
[129/600] AU-12(1).v2-r03
  retry once: AU-12(1).v2-r03 rc=1
  FAILED AU-12(1).v2-r03
[130/600] AU-12(1).v3-r01
  retry once: AU-12(1).v3-r01 rc=1
  FAILED AU-12(1).v3-r01
[131/600] AU-12(1).v3-r02
  retry once: AU-12(1).v3-r02 rc=1
  FAILED AU-12(1).v3-r02
[132/600] AU-12(1).v3-r03
  retry once: AU-12(1).v3-r03 rc=1
  FAILED AU-12(1).v3-r03
[133/600] AU-12(1).v4-r01
  retry once: AU-12(1).v4-r01 rc=1
  FAILED AU-12(1).v4-r01
[134/600] AU-12(1).v4-r02
  retry once: AU-12(1).v4-r02 rc=1
  FAILED AU-12(1).v4-r02
[135/600] AU-12(1).v4-r03
  retry once: AU-12(1).v4-r03 rc=1
  FAILED AU-12(1).v4-r03
[136/600] AU-12.v0-r01
  retry once: AU-12.v0-r01 rc=1
  FAILED AU-12.v0-r01
[137/600] AU-12.v0-r02
  retry once: AU-12.v0-r02 rc=1
  FAILED AU-12.v0-r02
[138/600] AU-12.v0-r03
  retry once: AU-12.v0-r03 rc=1
  FAILED AU-12.v0-r03
[139/600] AU-12.v1-r01
  retry once: AU-12.v1-r01 rc=1
  FAILED AU-12.v1-r01
[140/600] AU-12.v1-r02
  retry once: AU-12.v1-r02 rc=1
  FAILED AU-12.v1-r02
[141/600] AU-12.v1-r03
  retry once: AU-12.v1-r03 rc=1
  FAILED AU-12.v1-r03
[142/600] AU-12.v2-r01
  retry once: AU-12.v2-r01 rc=1
  FAILED AU-12.v2-r01
[143/600] AU-12.v2-r02
  retry once: AU-12.v2-r02 rc=1
  FAILED AU-12.v2-r02
[144/600] AU-12.v2-r03
  retry once: AU-12.v2-r03 rc=1
  FAILED AU-12.v2-r03
[145/600] AU-12.v3-r01
  retry once: AU-12.v3-r01 rc=1
  FAILED AU-12.v3-r01
[146/600] AU-12.v3-r02
  retry once: AU-12.v3-r02 rc=1
  FAILED AU-12.v3-r02
[147/600] AU-12.v3-r03
  retry once: AU-12.v3-r03 rc=1
  FAILED AU-12.v3-r03
[148/600] AU-12.v4-r01
  retry once: AU-12.v4-r01 rc=1
  FAILED AU-12.v4-r01
[149/600] AU-12.v4-r02
  retry once: AU-12.v4-r02 rc=1
  FAILED AU-12.v4-r02
[150/600] AU-12.v4-r03
  retry once: AU-12.v4-r03 rc=1
  FAILED AU-12.v4-r03
[151/600] AU-2.v0-r01
  retry once: AU-2.v0-r01 rc=1
  FAILED AU-2.v0-r01
[152/600] AU-2.v0-r02
  retry once: AU-2.v0-r02 rc=1
  FAILED AU-2.v0-r02
[153/600] AU-2.v0-r03
  retry once: AU-2.v0-r03 rc=1
  FAILED AU-2.v0-r03
[154/600] AU-2.v1-r01
  retry once: AU-2.v1-r01 rc=1
  FAILED AU-2.v1-r01
[155/600] AU-2.v1-r02
  retry once: AU-2.v1-r02 rc=1
  FAILED AU-2.v1-r02
[156/600] AU-2.v1-r03
  retry once: AU-2.v1-r03 rc=1
  FAILED AU-2.v1-r03
[157/600] AU-2.v2-r01
  retry once: AU-2.v2-r01 rc=1
  FAILED AU-2.v2-r01
[158/600] AU-2.v2-r02
  retry once: AU-2.v2-r02 rc=1
  FAILED AU-2.v2-r02
[159/600] AU-2.v2-r03
  retry once: AU-2.v2-r03 rc=1
  FAILED AU-2.v2-r03
[160/600] AU-2.v3-r01
  retry once: AU-2.v3-r01 rc=1
  FAILED AU-2.v3-r01
[161/600] AU-2.v3-r02
  retry once: AU-2.v3-r02 rc=1
  FAILED AU-2.v3-r02
[162/600] AU-2.v3-r03
  retry once: AU-2.v3-r03 rc=1
  FAILED AU-2.v3-r03
[163/600] AU-2.v4-r01
  retry once: AU-2.v4-r01 rc=1
  FAILED AU-2.v4-r01
[164/600] AU-2.v4-r02
  retry once: AU-2.v4-r02 rc=1
  FAILED AU-2.v4-r02
[165/600] AU-2.v4-r03
  retry once: AU-2.v4-r03 rc=1
  FAILED AU-2.v4-r03
[166/600] AU-3.v0-r01
  retry once: AU-3.v0-r01 rc=1
  FAILED AU-3.v0-r01
[167/600] AU-3.v0-r02
  retry once: AU-3.v0-r02 rc=1
  FAILED AU-3.v0-r02
[168/600] AU-3.v0-r03
  retry once: AU-3.v0-r03 rc=1
  FAILED AU-3.v0-r03
[169/600] AU-3.v1-r01
  retry once: AU-3.v1-r01 rc=1
  FAILED AU-3.v1-r01
[170/600] AU-3.v1-r02
  retry once: AU-3.v1-r02 rc=1
  FAILED AU-3.v1-r02
[171/600] AU-3.v1-r03
  retry once: AU-3.v1-r03 rc=1
  FAILED AU-3.v1-r03
[172/600] AU-3.v2-r01
  retry once: AU-3.v2-r01 rc=1
  FAILED AU-3.v2-r01
[173/600] AU-3.v2-r02
  retry once: AU-3.v2-r02 rc=1
  FAILED AU-3.v2-r02
[174/600] AU-3.v2-r03
  retry once: AU-3.v2-r03 rc=1
  FAILED AU-3.v2-r03
[175/600] AU-3.v3-r01
  retry once: AU-3.v3-r01 rc=1
  FAILED AU-3.v3-r01
[176/600] AU-3.v3-r02
  retry once: AU-3.v3-r02 rc=1
  FAILED AU-3.v3-r02
[177/600] AU-3.v3-r03
  retry once: AU-3.v3-r03 rc=1
  FAILED AU-3.v3-r03
[178/600] AU-3.v4-r01
  retry once: AU-3.v4-r01 rc=1
  FAILED AU-3.v4-r01
[179/600] AU-3.v4-r02
  retry once: AU-3.v4-r02 rc=1
  FAILED AU-3.v4-r02
[180/600] AU-3.v4-r03
  retry once: AU-3.v4-r03 rc=1
  FAILED AU-3.v4-r03
[181/600] AU-6(3).v0-r01
  retry once: AU-6(3).v0-r01 rc=1
  FAILED AU-6(3).v0-r01
[182/600] AU-6(3).v0-r02
  retry once: AU-6(3).v0-r02 rc=1
  FAILED AU-6(3).v0-r02
[183/600] AU-6(3).v0-r03
  retry once: AU-6(3).v0-r03 rc=1
  FAILED AU-6(3).v0-r03
[184/600] AU-6(3).v1-r01
  retry once: AU-6(3).v1-r01 rc=1
  FAILED AU-6(3).v1-r01
[185/600] AU-6(3).v1-r02
  retry once: AU-6(3).v1-r02 rc=1
  FAILED AU-6(3).v1-r02
[186/600] AU-6(3).v1-r03
  retry once: AU-6(3).v1-r03 rc=1
  FAILED AU-6(3).v1-r03
[187/600] AU-6(3).v2-r01
  retry once: AU-6(3).v2-r01 rc=1
  FAILED AU-6(3).v2-r01
[188/600] AU-6(3).v2-r02
  retry once: AU-6(3).v2-r02 rc=1
  FAILED AU-6(3).v2-r02
[189/600] AU-6(3).v2-r03
  retry once: AU-6(3).v2-r03 rc=1
  FAILED AU-6(3).v2-r03
[190/600] AU-6(3).v3-r01
  retry once: AU-6(3).v3-r01 rc=1
  FAILED AU-6(3).v3-r01
[191/600] AU-6(3).v3-r02
  retry once: AU-6(3).v3-r02 rc=1
  FAILED AU-6(3).v3-r02
[192/600] AU-6(3).v3-r03
  retry once: AU-6(3).v3-r03 rc=1
  FAILED AU-6(3).v3-r03
[193/600] AU-6(3).v4-r01
  retry once: AU-6(3).v4-r01 rc=1
  FAILED AU-6(3).v4-r01
[194/600] AU-6(3).v4-r02
  retry once: AU-6(3).v4-r02 rc=1
  FAILED AU-6(3).v4-r02
[195/600] AU-6(3).v4-r03
  retry once: AU-6(3).v4-r03 rc=1
  FAILED AU-6(3).v4-r03
[196/600] AU-6.v0-r01
  retry once: AU-6.v0-r01 rc=1
  FAILED AU-6.v0-r01
[197/600] AU-6.v0-r02
  retry once: AU-6.v0-r02 rc=1
  FAILED AU-6.v0-r02
[198/600] AU-6.v0-r03
  retry once: AU-6.v0-r03 rc=1
  FAILED AU-6.v0-r03
[199/600] AU-6.v1-r01
  retry once: AU-6.v1-r01 rc=1
  FAILED AU-6.v1-r01
[200/600] AU-6.v1-r02
  retry once: AU-6.v1-r02 rc=1
  FAILED AU-6.v1-r02
[201/600] AU-6.v1-r03
  retry once: AU-6.v1-r03 rc=1
  FAILED AU-6.v1-r03
[202/600] AU-6.v2-r01
  retry once: AU-6.v2-r01 rc=1
  FAILED AU-6.v2-r01
[203/600] AU-6.v2-r02
  retry once: AU-6.v2-r02 rc=1
  FAILED AU-6.v2-r02
[204/600] AU-6.v2-r03
  retry once: AU-6.v2-r03 rc=1
  FAILED AU-6.v2-r03
[205/600] AU-6.v3-r01
  retry once: AU-6.v3-r01 rc=1
  FAILED AU-6.v3-r01
[206/600] AU-6.v3-r02
  retry once: AU-6.v3-r02 rc=1
  FAILED AU-6.v3-r02
[207/600] AU-6.v3-r03
  retry once: AU-6.v3-r03 rc=1
  FAILED AU-6.v3-r03
[208/600] AU-6.v4-r01
  retry once: AU-6.v4-r01 rc=1
  FAILED AU-6.v4-r01
[209/600] AU-6.v4-r02
  retry once: AU-6.v4-r02 rc=1
  FAILED AU-6.v4-r02
[210/600] AU-6.v4-r03
  retry once: AU-6.v4-r03 rc=1
  FAILED AU-6.v4-r03
[211/600] AU-8.v0-r01
  retry once: AU-8.v0-r01 rc=1
  FAILED AU-8.v0-r01
[212/600] AU-8.v0-r02
  retry once: AU-8.v0-r02 rc=1
  FAILED AU-8.v0-r02
[213/600] AU-8.v0-r03
  retry once: AU-8.v0-r03 rc=1
  FAILED AU-8.v0-r03
[214/600] AU-8.v1-r01
  retry once: AU-8.v1-r01 rc=1
  FAILED AU-8.v1-r01
[215/600] AU-8.v1-r02
  retry once: AU-8.v1-r02 rc=1
  FAILED AU-8.v1-r02
[216/600] AU-8.v1-r03
  retry once: AU-8.v1-r03 rc=1
  FAILED AU-8.v1-r03
[217/600] AU-8.v2-r01
  retry once: AU-8.v2-r01 rc=1
  FAILED AU-8.v2-r01
[218/600] AU-8.v2-r02
  retry once: AU-8.v2-r02 rc=1
  FAILED AU-8.v2-r02
[219/600] AU-8.v2-r03
  retry once: AU-8.v2-r03 rc=1
  FAILED AU-8.v2-r03
[220/600] AU-8.v3-r01
  retry once: AU-8.v3-r01 rc=1
  FAILED AU-8.v3-r01
[221/600] AU-8.v3-r02
  retry once: AU-8.v3-r02 rc=1
  FAILED AU-8.v3-r02
[222/600] AU-8.v3-r03
  retry once: AU-8.v3-r03 rc=1
  FAILED AU-8.v3-r03
[223/600] AU-8.v4-r01
  retry once: AU-8.v4-r01 rc=1
  FAILED AU-8.v4-r01
[224/600] AU-8.v4-r02
  retry once: AU-8.v4-r02 rc=1
  FAILED AU-8.v4-r02
[225/600] AU-8.v4-r03
  retry once: AU-8.v4-r03 rc=1
  FAILED AU-8.v4-r03
[226/600] CA-7.v0-r01
  retry once: CA-7.v0-r01 rc=1
  FAILED CA-7.v0-r01
[227/600] CA-7.v0-r02
  retry once: CA-7.v0-r02 rc=1
  FAILED CA-7.v0-r02
[228/600] CA-7.v0-r03
  retry once: CA-7.v0-r03 rc=1
  FAILED CA-7.v0-r03
[229/600] CA-7.v1-r01
  retry once: CA-7.v1-r01 rc=1
  FAILED CA-7.v1-r01
[230/600] CA-7.v1-r02
  retry once: CA-7.v1-r02 rc=1
  FAILED CA-7.v1-r02
[231/600] CA-7.v1-r03
  retry once: CA-7.v1-r03 rc=1
  FAILED CA-7.v1-r03
[232/600] CA-7.v2-r01
  retry once: CA-7.v2-r01 rc=1
  FAILED CA-7.v2-r01
[233/600] CA-7.v2-r02
  retry once: CA-7.v2-r02 rc=1
  FAILED CA-7.v2-r02
[234/600] CA-7.v2-r03
  retry once: CA-7.v2-r03 rc=1
  FAILED CA-7.v2-r03
[235/600] CA-7.v3-r01
  retry once: CA-7.v3-r01 rc=1
  FAILED CA-7.v3-r01
[236/600] CA-7.v3-r02
  retry once: CA-7.v3-r02 rc=1
  FAILED CA-7.v3-r02
[237/600] CA-7.v3-r03
  retry once: CA-7.v3-r03 rc=1
  FAILED CA-7.v3-r03
[238/600] CA-7.v4-r01
  retry once: CA-7.v4-r01 rc=1
  FAILED CA-7.v4-r01
[239/600] CA-7.v4-r02
  retry once: CA-7.v4-r02 rc=1
  FAILED CA-7.v4-r02
[240/600] CA-7.v4-r03
  retry once: CA-7.v4-r03 rc=1
  FAILED CA-7.v4-r03
[241/600] CM-2.v0-r01
  retry once: CM-2.v0-r01 rc=1
  FAILED CM-2.v0-r01
[242/600] CM-2.v0-r02
  retry once: CM-2.v0-r02 rc=1
  FAILED CM-2.v0-r02
[243/600] CM-2.v0-r03
  retry once: CM-2.v0-r03 rc=1
  FAILED CM-2.v0-r03
[244/600] CM-2.v1-r01
  retry once: CM-2.v1-r01 rc=1
  FAILED CM-2.v1-r01
[245/600] CM-2.v1-r02
  retry once: CM-2.v1-r02 rc=1
  FAILED CM-2.v1-r02
[246/600] CM-2.v1-r03
  retry once: CM-2.v1-r03 rc=1
  FAILED CM-2.v1-r03
[247/600] CM-2.v2-r01
  retry once: CM-2.v2-r01 rc=1
  FAILED CM-2.v2-r01
[248/600] CM-2.v2-r02
  retry once: CM-2.v2-r02 rc=1
  FAILED CM-2.v2-r02
[249/600] CM-2.v2-r03
  retry once: CM-2.v2-r03 rc=1
  FAILED CM-2.v2-r03
[250/600] CM-2.v3-r01
  retry once: CM-2.v3-r01 rc=1
  FAILED CM-2.v3-r01
[251/600] CM-2.v3-r02
  retry once: CM-2.v3-r02 rc=1
  FAILED CM-2.v3-r02
[252/600] CM-2.v3-r03
  retry once: CM-2.v3-r03 rc=1
  FAILED CM-2.v3-r03
[253/600] CM-2.v4-r01
  retry once: CM-2.v4-r01 rc=1
  FAILED CM-2.v4-r01
[254/600] CM-2.v4-r02
  retry once: CM-2.v4-r02 rc=1
  FAILED CM-2.v4-r02
[255/600] CM-2.v4-r03
  retry once: CM-2.v4-r03 rc=1
  FAILED CM-2.v4-r03
[256/600] CM-3(1).v0-r01
  retry once: CM-3(1).v0-r01 rc=1
  FAILED CM-3(1).v0-r01
[257/600] CM-3(1).v0-r02
  retry once: CM-3(1).v0-r02 rc=1
  FAILED CM-3(1).v0-r02
[258/600] CM-3(1).v0-r03
  retry once: CM-3(1).v0-r03 rc=1
  FAILED CM-3(1).v0-r03
[259/600] CM-3(1).v1-r01
  retry once: CM-3(1).v1-r01 rc=1
  FAILED CM-3(1).v1-r01
[260/600] CM-3(1).v1-r02
  retry once: CM-3(1).v1-r02 rc=1
  FAILED CM-3(1).v1-r02
[261/600] CM-3(1).v1-r03
  retry once: CM-3(1).v1-r03 rc=1
  FAILED CM-3(1).v1-r03
[262/600] CM-3(1).v2-r01
  retry once: CM-3(1).v2-r01 rc=1
  FAILED CM-3(1).v2-r01
[263/600] CM-3(1).v2-r02
  retry once: CM-3(1).v2-r02 rc=1
  FAILED CM-3(1).v2-r02
[264/600] CM-3(1).v2-r03
  retry once: CM-3(1).v2-r03 rc=1
  FAILED CM-3(1).v2-r03
[265/600] CM-3(1).v3-r01
  retry once: CM-3(1).v3-r01 rc=1
  FAILED CM-3(1).v3-r01
[266/600] CM-3(1).v3-r02
  retry once: CM-3(1).v3-r02 rc=1
  FAILED CM-3(1).v3-r02
[267/600] CM-3(1).v3-r03
  retry once: CM-3(1).v3-r03 rc=1
  FAILED CM-3(1).v3-r03
[268/600] CM-3(1).v4-r01
  retry once: CM-3(1).v4-r01 rc=1
  FAILED CM-3(1).v4-r01
[269/600] CM-3(1).v4-r02
  retry once: CM-3(1).v4-r02 rc=1
  FAILED CM-3(1).v4-r02
[270/600] CM-3(1).v4-r03
  retry once: CM-3(1).v4-r03 rc=1
  FAILED CM-3(1).v4-r03
[271/600] CM-3(2).v0-r01
  retry once: CM-3(2).v0-r01 rc=1
  FAILED CM-3(2).v0-r01
[272/600] CM-3(2).v0-r02
  retry once: CM-3(2).v0-r02 rc=1
  FAILED CM-3(2).v0-r02
[273/600] CM-3(2).v0-r03
  retry once: CM-3(2).v0-r03 rc=1
  FAILED CM-3(2).v0-r03
[274/600] CM-3(2).v1-r01
  retry once: CM-3(2).v1-r01 rc=1
  FAILED CM-3(2).v1-r01
[275/600] CM-3(2).v1-r02
  retry once: CM-3(2).v1-r02 rc=1
  FAILED CM-3(2).v1-r02
[276/600] CM-3(2).v1-r03
  retry once: CM-3(2).v1-r03 rc=1
  FAILED CM-3(2).v1-r03
[277/600] CM-3(2).v2-r01
  retry once: CM-3(2).v2-r01 rc=1
  FAILED CM-3(2).v2-r01
[278/600] CM-3(2).v2-r02
  retry once: CM-3(2).v2-r02 rc=1
  FAILED CM-3(2).v2-r02
[279/600] CM-3(2).v2-r03
  retry once: CM-3(2).v2-r03 rc=1
  FAILED CM-3(2).v2-r03
[280/600] CM-3(2).v3-r01
  retry once: CM-3(2).v3-r01 rc=1
  FAILED CM-3(2).v3-r01
[281/600] CM-3(2).v3-r02
  retry once: CM-3(2).v3-r02 rc=1
  FAILED CM-3(2).v3-r02
[282/600] CM-3(2).v3-r03
  retry once: CM-3(2).v3-r03 rc=1
  FAILED CM-3(2).v3-r03
[283/600] CM-3(2).v4-r01
  retry once: CM-3(2).v4-r01 rc=1
  FAILED CM-3(2).v4-r01
[284/600] CM-3(2).v4-r02
  retry once: CM-3(2).v4-r02 rc=1
  FAILED CM-3(2).v4-r02
[285/600] CM-3(2).v4-r03
  retry once: CM-3(2).v4-r03 rc=1
  FAILED CM-3(2).v4-r03
[286/600] CM-3.v0-r01
  retry once: CM-3.v0-r01 rc=1
  FAILED CM-3.v0-r01
[287/600] CM-3.v0-r02
  retry once: CM-3.v0-r02 rc=1
  FAILED CM-3.v0-r02
[288/600] CM-3.v0-r03
  retry once: CM-3.v0-r03 rc=1
  FAILED CM-3.v0-r03
[289/600] CM-3.v1-r01
  retry once: CM-3.v1-r01 rc=1
  FAILED CM-3.v1-r01
[290/600] CM-3.v1-r02
  retry once: CM-3.v1-r02 rc=1
  FAILED CM-3.v1-r02
[291/600] CM-3.v1-r03
  retry once: CM-3.v1-r03 rc=1
  FAILED CM-3.v1-r03
[292/600] CM-3.v2-r01
  retry once: CM-3.v2-r01 rc=1
  FAILED CM-3.v2-r01
[293/600] CM-3.v2-r02
  retry once: CM-3.v2-r02 rc=1
  FAILED CM-3.v2-r02
[294/600] CM-3.v2-r03
  retry once: CM-3.v2-r03 rc=1
  FAILED CM-3.v2-r03
[295/600] CM-3.v3-r01
  retry once: CM-3.v3-r01 rc=1
  FAILED CM-3.v3-r01
[296/600] CM-3.v3-r02
  retry once: CM-3.v3-r02 rc=1
  FAILED CM-3.v3-r02
[297/600] CM-3.v3-r03
  retry once: CM-3.v3-r03 rc=1
  FAILED CM-3.v3-r03
[298/600] CM-3.v4-r01
  retry once: CM-3.v4-r01 rc=1
  FAILED CM-3.v4-r01
[299/600] CM-3.v4-r02
  retry once: CM-3.v4-r02 rc=1
  FAILED CM-3.v4-r02
[300/600] CM-3.v4-r03
  retry once: CM-3.v4-r03 rc=1
  FAILED CM-3.v4-r03
[301/600] CM-6.v0-r01
  retry once: CM-6.v0-r01 rc=1
  FAILED CM-6.v0-r01
[302/600] CM-6.v0-r02
  retry once: CM-6.v0-r02 rc=1
  FAILED CM-6.v0-r02
[303/600] CM-6.v0-r03
  retry once: CM-6.v0-r03 rc=1
  FAILED CM-6.v0-r03
[304/600] CM-6.v1-r01
  retry once: CM-6.v1-r01 rc=1
  FAILED CM-6.v1-r01
[305/600] CM-6.v1-r02
  retry once: CM-6.v1-r02 rc=1
  FAILED CM-6.v1-r02
[306/600] CM-6.v1-r03
  retry once: CM-6.v1-r03 rc=1
  FAILED CM-6.v1-r03
[307/600] CM-6.v2-r01
  retry once: CM-6.v2-r01 rc=1
  FAILED CM-6.v2-r01
[308/600] CM-6.v2-r02
  retry once: CM-6.v2-r02 rc=1
  FAILED CM-6.v2-r02
[309/600] CM-6.v2-r03
  retry once: CM-6.v2-r03 rc=1
  FAILED CM-6.v2-r03
[310/600] CM-6.v3-r01
  retry once: CM-6.v3-r01 rc=1
  FAILED CM-6.v3-r01
[311/600] CM-6.v3-r02
  retry once: CM-6.v3-r02 rc=1
  FAILED CM-6.v3-r02
[312/600] CM-6.v3-r03
  retry once: CM-6.v3-r03 rc=1
  FAILED CM-6.v3-r03
[313/600] CM-6.v4-r01
  retry once: CM-6.v4-r01 rc=1
  FAILED CM-6.v4-r01
[314/600] CM-6.v4-r02
  retry once: CM-6.v4-r02 rc=1
  FAILED CM-6.v4-r02
[315/600] CM-6.v4-r03
  retry once: CM-6.v4-r03 rc=1
  FAILED CM-6.v4-r03
[316/600] CM-7(1).v0-r01
  retry once: CM-7(1).v0-r01 rc=1
  FAILED CM-7(1).v0-r01
[317/600] CM-7(1).v0-r02
  retry once: CM-7(1).v0-r02 rc=1
  FAILED CM-7(1).v0-r02
[318/600] CM-7(1).v0-r03
  retry once: CM-7(1).v0-r03 rc=1
  FAILED CM-7(1).v0-r03
[319/600] CM-7(1).v1-r01
  retry once: CM-7(1).v1-r01 rc=1
  FAILED CM-7(1).v1-r01
[320/600] CM-7(1).v1-r02
  retry once: CM-7(1).v1-r02 rc=1
  FAILED CM-7(1).v1-r02
[321/600] CM-7(1).v1-r03
  retry once: CM-7(1).v1-r03 rc=1
  FAILED CM-7(1).v1-r03
[322/600] CM-7(1).v2-r01
  retry once: CM-7(1).v2-r01 rc=1
  FAILED CM-7(1).v2-r01
[323/600] CM-7(1).v2-r02
  retry once: CM-7(1).v2-r02 rc=1
  FAILED CM-7(1).v2-r02
[324/600] CM-7(1).v2-r03
  retry once: CM-7(1).v2-r03 rc=1
  FAILED CM-7(1).v2-r03
[325/600] CM-7(1).v3-r01
  retry once: CM-7(1).v3-r01 rc=1
  FAILED CM-7(1).v3-r01
[326/600] CM-7(1).v3-r02
  retry once: CM-7(1).v3-r02 rc=1
  FAILED CM-7(1).v3-r02
[327/600] CM-7(1).v3-r03
  retry once: CM-7(1).v3-r03 rc=1
  FAILED CM-7(1).v3-r03
[328/600] CM-7(1).v4-r01
  retry once: CM-7(1).v4-r01 rc=1
  FAILED CM-7(1).v4-r01
[329/600] CM-7(1).v4-r02
  retry once: CM-7(1).v4-r02 rc=1
  FAILED CM-7(1).v4-r02
[330/600] CM-7(1).v4-r03
  retry once: CM-7(1).v4-r03 rc=1
  FAILED CM-7(1).v4-r03
[331/600] CM-8(1).v0-r01
  retry once: CM-8(1).v0-r01 rc=1
  FAILED CM-8(1).v0-r01
[332/600] CM-8(1).v0-r02
  retry once: CM-8(1).v0-r02 rc=1
  FAILED CM-8(1).v0-r02
[333/600] CM-8(1).v0-r03
  retry once: CM-8(1).v0-r03 rc=1
  FAILED CM-8(1).v0-r03
[334/600] CM-8(1).v1-r01
  retry once: CM-8(1).v1-r01 rc=1
  FAILED CM-8(1).v1-r01
[335/600] CM-8(1).v1-r02
  retry once: CM-8(1).v1-r02 rc=1
  FAILED CM-8(1).v1-r02
[336/600] CM-8(1).v1-r03
  retry once: CM-8(1).v1-r03 rc=1
  FAILED CM-8(1).v1-r03
[337/600] CM-8(1).v2-r01
  retry once: CM-8(1).v2-r01 rc=1
  FAILED CM-8(1).v2-r01
[338/600] CM-8(1).v2-r02
  retry once: CM-8(1).v2-r02 rc=1
  FAILED CM-8(1).v2-r02
[339/600] CM-8(1).v2-r03
  retry once: CM-8(1).v2-r03 rc=1
  FAILED CM-8(1).v2-r03
[340/600] CM-8(1).v3-r01
  retry once: CM-8(1).v3-r01 rc=1
  FAILED CM-8(1).v3-r01
[341/600] CM-8(1).v3-r02
  retry once: CM-8(1).v3-r02 rc=1
  FAILED CM-8(1).v3-r02
[342/600] CM-8(1).v3-r03
  retry once: CM-8(1).v3-r03 rc=1
  FAILED CM-8(1).v3-r03
[343/600] CM-8(1).v4-r01
  retry once: CM-8(1).v4-r01 rc=1
  FAILED CM-8(1).v4-r01
[344/600] CM-8(1).v4-r02
  retry once: CM-8(1).v4-r02 rc=1
  FAILED CM-8(1).v4-r02
[345/600] CM-8(1).v4-r03
  retry once: CM-8(1).v4-r03 rc=1
  FAILED CM-8(1).v4-r03
[346/600] CM-8.v0-r01
  retry once: CM-8.v0-r01 rc=1
  FAILED CM-8.v0-r01
[347/600] CM-8.v0-r02
  retry once: CM-8.v0-r02 rc=1
  FAILED CM-8.v0-r02
[348/600] CM-8.v0-r03
  retry once: CM-8.v0-r03 rc=1
  FAILED CM-8.v0-r03
[349/600] CM-8.v1-r01
  retry once: CM-8.v1-r01 rc=1
  FAILED CM-8.v1-r01
[350/600] CM-8.v1-r02
  retry once: CM-8.v1-r02 rc=1
  FAILED CM-8.v1-r02
[351/600] CM-8.v1-r03
  retry once: CM-8.v1-r03 rc=1
  FAILED CM-8.v1-r03
[352/600] CM-8.v2-r01
  retry once: CM-8.v2-r01 rc=1
  FAILED CM-8.v2-r01
[353/600] CM-8.v2-r02
  retry once: CM-8.v2-r02 rc=1
  FAILED CM-8.v2-r02
[354/600] CM-8.v2-r03
  retry once: CM-8.v2-r03 rc=1
  FAILED CM-8.v2-r03
[355/600] CM-8.v3-r01
  retry once: CM-8.v3-r01 rc=1
  FAILED CM-8.v3-r01
[356/600] CM-8.v3-r02
  retry once: CM-8.v3-r02 rc=1
  FAILED CM-8.v3-r02
[357/600] CM-8.v3-r03
  retry once: CM-8.v3-r03 rc=1
  FAILED CM-8.v3-r03
[358/600] CM-8.v4-r01
  retry once: CM-8.v4-r01 rc=1
  FAILED CM-8.v4-r01
[359/600] CM-8.v4-r02
  retry once: CM-8.v4-r02 rc=1
  FAILED CM-8.v4-r02
[360/600] CM-8.v4-r03
  retry once: CM-8.v4-r03 rc=1
  FAILED CM-8.v4-r03
[361/600] RA-3.v0-r01
  retry once: RA-3.v0-r01 rc=1
  FAILED RA-3.v0-r01
[362/600] RA-3.v0-r02
  retry once: RA-3.v0-r02 rc=1
  FAILED RA-3.v0-r02
[363/600] RA-3.v0-r03
  retry once: RA-3.v0-r03 rc=1
  FAILED RA-3.v0-r03
[364/600] RA-3.v1-r01
  retry once: RA-3.v1-r01 rc=1
  FAILED RA-3.v1-r01
[365/600] RA-3.v1-r02
  retry once: RA-3.v1-r02 rc=1
  FAILED RA-3.v1-r02
[366/600] RA-3.v1-r03
  retry once: RA-3.v1-r03 rc=1
  FAILED RA-3.v1-r03
[367/600] RA-3.v2-r01
  retry once: RA-3.v2-r01 rc=1
  FAILED RA-3.v2-r01
[368/600] RA-3.v2-r02
  retry once: RA-3.v2-r02 rc=1
  FAILED RA-3.v2-r02
[369/600] RA-3.v2-r03
  retry once: RA-3.v2-r03 rc=1
  FAILED RA-3.v2-r03
[370/600] RA-3.v3-r01
  retry once: RA-3.v3-r01 rc=1
  FAILED RA-3.v3-r01
[371/600] RA-3.v3-r02
  retry once: RA-3.v3-r02 rc=1
  FAILED RA-3.v3-r02
[372/600] RA-3.v3-r03
  retry once: RA-3.v3-r03 rc=1
  FAILED RA-3.v3-r03
[373/600] RA-3.v4-r01
  retry once: RA-3.v4-r01 rc=1
  FAILED RA-3.v4-r01
[374/600] RA-3.v4-r02
  retry once: RA-3.v4-r02 rc=1
  FAILED RA-3.v4-r02
[375/600] RA-3.v4-r03
  retry once: RA-3.v4-r03 rc=1
  FAILED RA-3.v4-r03
[376/600] RA-7.v0-r01
  retry once: RA-7.v0-r01 rc=1
  FAILED RA-7.v0-r01
[377/600] RA-7.v0-r02
  retry once: RA-7.v0-r02 rc=1
  FAILED RA-7.v0-r02
[378/600] RA-7.v0-r03
  retry once: RA-7.v0-r03 rc=1
  FAILED RA-7.v0-r03
[379/600] RA-7.v1-r01
  retry once: RA-7.v1-r01 rc=1
  FAILED RA-7.v1-r01
[380/600] RA-7.v1-r02
  retry once: RA-7.v1-r02 rc=1
  FAILED RA-7.v1-r02
[381/600] RA-7.v1-r03
  retry once: RA-7.v1-r03 rc=1
  FAILED RA-7.v1-r03
[382/600] RA-7.v2-r01
  retry once: RA-7.v2-r01 rc=1
  FAILED RA-7.v2-r01
[383/600] RA-7.v2-r02
  retry once: RA-7.v2-r02 rc=1
  FAILED RA-7.v2-r02
[384/600] RA-7.v2-r03
  retry once: RA-7.v2-r03 rc=1
  FAILED RA-7.v2-r03
[385/600] RA-7.v3-r01
  retry once: RA-7.v3-r01 rc=1
  FAILED RA-7.v3-r01
[386/600] RA-7.v3-r02
  retry once: RA-7.v3-r02 rc=1
  FAILED RA-7.v3-r02
[387/600] RA-7.v3-r03
  retry once: RA-7.v3-r03 rc=1
  FAILED RA-7.v3-r03
[388/600] RA-7.v4-r01
  retry once: RA-7.v4-r01 rc=1
  FAILED RA-7.v4-r01
[389/600] RA-7.v4-r02
  retry once: RA-7.v4-r02 rc=1
  FAILED RA-7.v4-r02
[390/600] RA-7.v4-r03
  retry once: RA-7.v4-r03 rc=1
  FAILED RA-7.v4-r03
[391/600] SA-10(5).v0-r01
  retry once: SA-10(5).v0-r01 rc=1
  FAILED SA-10(5).v0-r01
[392/600] SA-10(5).v0-r02
  retry once: SA-10(5).v0-r02 rc=1
  FAILED SA-10(5).v0-r02
[393/600] SA-10(5).v0-r03
  retry once: SA-10(5).v0-r03 rc=1
  FAILED SA-10(5).v0-r03
[394/600] SA-10(5).v1-r01
  retry once: SA-10(5).v1-r01 rc=1
  FAILED SA-10(5).v1-r01
[395/600] SA-10(5).v1-r02
  retry once: SA-10(5).v1-r02 rc=1
  FAILED SA-10(5).v1-r02
[396/600] SA-10(5).v1-r03
  retry once: SA-10(5).v1-r03 rc=1
  FAILED SA-10(5).v1-r03
[397/600] SA-10(5).v2-r01
  retry once: SA-10(5).v2-r01 rc=1
  FAILED SA-10(5).v2-r01
[398/600] SA-10(5).v2-r02
  retry once: SA-10(5).v2-r02 rc=1
  FAILED SA-10(5).v2-r02
[399/600] SA-10(5).v2-r03
  retry once: SA-10(5).v2-r03 rc=1
  FAILED SA-10(5).v2-r03
[400/600] SA-10(5).v3-r01
  retry once: SA-10(5).v3-r01 rc=1
  FAILED SA-10(5).v3-r01
[401/600] SA-10(5).v3-r02
  retry once: SA-10(5).v3-r02 rc=1
  FAILED SA-10(5).v3-r02
[402/600] SA-10(5).v3-r03
  retry once: SA-10(5).v3-r03 rc=1
  FAILED SA-10(5).v3-r03
[403/600] SA-10(5).v4-r01
  retry once: SA-10(5).v4-r01 rc=1
  FAILED SA-10(5).v4-r01
[404/600] SA-10(5).v4-r02
  retry once: SA-10(5).v4-r02 rc=1
  FAILED SA-10(5).v4-r02
[405/600] SA-10(5).v4-r03
  retry once: SA-10(5).v4-r03 rc=1
  FAILED SA-10(5).v4-r03
[406/600] SA-10.v0-r01
  retry once: SA-10.v0-r01 rc=1
  FAILED SA-10.v0-r01
[407/600] SA-10.v0-r02
  retry once: SA-10.v0-r02 rc=1
  FAILED SA-10.v0-r02
[408/600] SA-10.v0-r03
  retry once: SA-10.v0-r03 rc=1
  FAILED SA-10.v0-r03
[409/600] SA-10.v1-r01
  retry once: SA-10.v1-r01 rc=1
  FAILED SA-10.v1-r01
[410/600] SA-10.v1-r02
  retry once: SA-10.v1-r02 rc=1
  FAILED SA-10.v1-r02
[411/600] SA-10.v1-r03
  retry once: SA-10.v1-r03 rc=1
  FAILED SA-10.v1-r03
[412/600] SA-10.v2-r01
  retry once: SA-10.v2-r01 rc=1
  FAILED SA-10.v2-r01
[413/600] SA-10.v2-r02
  retry once: SA-10.v2-r02 rc=1
  FAILED SA-10.v2-r02
[414/600] SA-10.v2-r03
  retry once: SA-10.v2-r03 rc=1
  FAILED SA-10.v2-r03
[415/600] SA-10.v3-r01
  retry once: SA-10.v3-r01 rc=1
  FAILED SA-10.v3-r01
[416/600] SA-10.v3-r02
  retry once: SA-10.v3-r02 rc=1
  FAILED SA-10.v3-r02
[417/600] SA-10.v3-r03
  retry once: SA-10.v3-r03 rc=1
  FAILED SA-10.v3-r03
[418/600] SA-10.v4-r01
  retry once: SA-10.v4-r01 rc=1
  FAILED SA-10.v4-r01
[419/600] SA-10.v4-r02
  retry once: SA-10.v4-r02 rc=1
  FAILED SA-10.v4-r02
[420/600] SA-10.v4-r03
  retry once: SA-10.v4-r03 rc=1
  FAILED SA-10.v4-r03
[421/600] SA-11.v0-r01
  retry once: SA-11.v0-r01 rc=1
  FAILED SA-11.v0-r01
[422/600] SA-11.v0-r02
  retry once: SA-11.v0-r02 rc=1
  FAILED SA-11.v0-r02
[423/600] SA-11.v0-r03
  retry once: SA-11.v0-r03 rc=1
  FAILED SA-11.v0-r03
[424/600] SA-11.v1-r01
  retry once: SA-11.v1-r01 rc=1
  FAILED SA-11.v1-r01
[425/600] SA-11.v1-r02
  retry once: SA-11.v1-r02 rc=1
  FAILED SA-11.v1-r02
[426/600] SA-11.v1-r03
  retry once: SA-11.v1-r03 rc=1
  FAILED SA-11.v1-r03
[427/600] SA-11.v2-r01
  retry once: SA-11.v2-r01 rc=1
  FAILED SA-11.v2-r01
[428/600] SA-11.v2-r02
  retry once: SA-11.v2-r02 rc=1
  FAILED SA-11.v2-r02
[429/600] SA-11.v2-r03
  retry once: SA-11.v2-r03 rc=1
  FAILED SA-11.v2-r03
[430/600] SA-11.v3-r01
  retry once: SA-11.v3-r01 rc=1
  FAILED SA-11.v3-r01
[431/600] SA-11.v3-r02
  retry once: SA-11.v3-r02 rc=1
  FAILED SA-11.v3-r02
[432/600] SA-11.v3-r03
  retry once: SA-11.v3-r03 rc=1
  FAILED SA-11.v3-r03
[433/600] SA-11.v4-r01
  retry once: SA-11.v4-r01 rc=1
  FAILED SA-11.v4-r01
[434/600] SA-11.v4-r02
  retry once: SA-11.v4-r02 rc=1
  FAILED SA-11.v4-r02
[435/600] SA-11.v4-r03
  retry once: SA-11.v4-r03 rc=1
  FAILED SA-11.v4-r03
[436/600] SA-4(8).v0-r01
  retry once: SA-4(8).v0-r01 rc=1
  FAILED SA-4(8).v0-r01
[437/600] SA-4(8).v0-r02
  retry once: SA-4(8).v0-r02 rc=1
  FAILED SA-4(8).v0-r02
[438/600] SA-4(8).v0-r03
  retry once: SA-4(8).v0-r03 rc=1
  FAILED SA-4(8).v0-r03
[439/600] SA-4(8).v1-r01
  retry once: SA-4(8).v1-r01 rc=1
  FAILED SA-4(8).v1-r01
[440/600] SA-4(8).v1-r02
  retry once: SA-4(8).v1-r02 rc=1
  FAILED SA-4(8).v1-r02
[441/600] SA-4(8).v1-r03
  retry once: SA-4(8).v1-r03 rc=1
  FAILED SA-4(8).v1-r03
[442/600] SA-4(8).v2-r01
  retry once: SA-4(8).v2-r01 rc=1
  FAILED SA-4(8).v2-r01
[443/600] SA-4(8).v2-r02
  retry once: SA-4(8).v2-r02 rc=1
  FAILED SA-4(8).v2-r02
[444/600] SA-4(8).v2-r03
  retry once: SA-4(8).v2-r03 rc=1
  FAILED SA-4(8).v2-r03
[445/600] SA-4(8).v3-r01
  retry once: SA-4(8).v3-r01 rc=1
  FAILED SA-4(8).v3-r01
[446/600] SA-4(8).v3-r02
  retry once: SA-4(8).v3-r02 rc=1
  FAILED SA-4(8).v3-r02
[447/600] SA-4(8).v3-r03
  retry once: SA-4(8).v3-r03 rc=1
  FAILED SA-4(8).v3-r03
[448/600] SA-4(8).v4-r01
  retry once: SA-4(8).v4-r01 rc=1
  FAILED SA-4(8).v4-r01
[449/600] SA-4(8).v4-r02
  retry once: SA-4(8).v4-r02 rc=1
  FAILED SA-4(8).v4-r02
[450/600] SA-4(8).v4-r03
  retry once: SA-4(8).v4-r03 rc=1
  FAILED SA-4(8).v4-r03
[451/600] SA-8(32).v0-r01
  retry once: SA-8(32).v0-r01 rc=1
  FAILED SA-8(32).v0-r01
[452/600] SA-8(32).v0-r02
  retry once: SA-8(32).v0-r02 rc=1
  FAILED SA-8(32).v0-r02
[453/600] SA-8(32).v0-r03
  retry once: SA-8(32).v0-r03 rc=1
  FAILED SA-8(32).v0-r03
[454/600] SA-8(32).v1-r01
  retry once: SA-8(32).v1-r01 rc=1
  FAILED SA-8(32).v1-r01
[455/600] SA-8(32).v1-r02
  retry once: SA-8(32).v1-r02 rc=1
  FAILED SA-8(32).v1-r02
[456/600] SA-8(32).v1-r03
  retry once: SA-8(32).v1-r03 rc=1
  FAILED SA-8(32).v1-r03
[457/600] SA-8(32).v2-r01
  retry once: SA-8(32).v2-r01 rc=1
  FAILED SA-8(32).v2-r01
[458/600] SA-8(32).v2-r02
  retry once: SA-8(32).v2-r02 rc=1
  FAILED SA-8(32).v2-r02
[459/600] SA-8(32).v2-r03
  retry once: SA-8(32).v2-r03 rc=1
  FAILED SA-8(32).v2-r03
[460/600] SA-8(32).v3-r01
  retry once: SA-8(32).v3-r01 rc=1
  FAILED SA-8(32).v3-r01
[461/600] SA-8(32).v3-r02
  retry once: SA-8(32).v3-r02 rc=1
  FAILED SA-8(32).v3-r02
[462/600] SA-8(32).v3-r03
  retry once: SA-8(32).v3-r03 rc=1
  FAILED SA-8(32).v3-r03
[463/600] SA-8(32).v4-r01
  retry once: SA-8(32).v4-r01 rc=1
  FAILED SA-8(32).v4-r01
[464/600] SA-8(32).v4-r02
  retry once: SA-8(32).v4-r02 rc=1
  FAILED SA-8(32).v4-r02
[465/600] SA-8(32).v4-r03
  retry once: SA-8(32).v4-r03 rc=1
  FAILED SA-8(32).v4-r03
[466/600] SC-28(1).v0-r01
  retry once: SC-28(1).v0-r01 rc=1
  FAILED SC-28(1).v0-r01
[467/600] SC-28(1).v0-r02
  retry once: SC-28(1).v0-r02 rc=1
  FAILED SC-28(1).v0-r02
[468/600] SC-28(1).v0-r03
  retry once: SC-28(1).v0-r03 rc=1
  FAILED SC-28(1).v0-r03
[469/600] SC-28(1).v1-r01
  retry once: SC-28(1).v1-r01 rc=1
  FAILED SC-28(1).v1-r01
[470/600] SC-28(1).v1-r02
  retry once: SC-28(1).v1-r02 rc=1
  FAILED SC-28(1).v1-r02
[471/600] SC-28(1).v1-r03
  retry once: SC-28(1).v1-r03 rc=1
  FAILED SC-28(1).v1-r03
[472/600] SC-28(1).v2-r01
  retry once: SC-28(1).v2-r01 rc=1
  FAILED SC-28(1).v2-r01
[473/600] SC-28(1).v2-r02
  retry once: SC-28(1).v2-r02 rc=1
  FAILED SC-28(1).v2-r02
[474/600] SC-28(1).v2-r03
  retry once: SC-28(1).v2-r03 rc=1
  FAILED SC-28(1).v2-r03
[475/600] SC-28(1).v3-r01
  retry once: SC-28(1).v3-r01 rc=1
  FAILED SC-28(1).v3-r01
[476/600] SC-28(1).v3-r02
  retry once: SC-28(1).v3-r02 rc=1
  FAILED SC-28(1).v3-r02
[477/600] SC-28(1).v3-r03
  retry once: SC-28(1).v3-r03 rc=1
  FAILED SC-28(1).v3-r03
[478/600] SC-28(1).v4-r01
  retry once: SC-28(1).v4-r01 rc=1
  FAILED SC-28(1).v4-r01
[479/600] SC-28(1).v4-r02
  retry once: SC-28(1).v4-r02 rc=1
  FAILED SC-28(1).v4-r02
[480/600] SC-28(1).v4-r03
  retry once: SC-28(1).v4-r03 rc=1
  FAILED SC-28(1).v4-r03
[481/600] SC-7(5).v0-r01
  retry once: SC-7(5).v0-r01 rc=1
  FAILED SC-7(5).v0-r01
[482/600] SC-7(5).v0-r02
  retry once: SC-7(5).v0-r02 rc=1
  FAILED SC-7(5).v0-r02
[483/600] SC-7(5).v0-r03
  retry once: SC-7(5).v0-r03 rc=1
  FAILED SC-7(5).v0-r03
[484/600] SC-7(5).v1-r01
  retry once: SC-7(5).v1-r01 rc=1
  FAILED SC-7(5).v1-r01
[485/600] SC-7(5).v1-r02
  retry once: SC-7(5).v1-r02 rc=1
  FAILED SC-7(5).v1-r02
[486/600] SC-7(5).v1-r03
  retry once: SC-7(5).v1-r03 rc=1
  FAILED SC-7(5).v1-r03
[487/600] SC-7(5).v2-r01
  retry once: SC-7(5).v2-r01 rc=1
  FAILED SC-7(5).v2-r01
[488/600] SC-7(5).v2-r02
  retry once: SC-7(5).v2-r02 rc=1
  FAILED SC-7(5).v2-r02
[489/600] SC-7(5).v2-r03
  retry once: SC-7(5).v2-r03 rc=1
  FAILED SC-7(5).v2-r03
[490/600] SC-7(5).v3-r01
  retry once: SC-7(5).v3-r01 rc=1
  FAILED SC-7(5).v3-r01
[491/600] SC-7(5).v3-r02
  retry once: SC-7(5).v3-r02 rc=1
  FAILED SC-7(5).v3-r02
[492/600] SC-7(5).v3-r03
  retry once: SC-7(5).v3-r03 rc=1
  FAILED SC-7(5).v3-r03
[493/600] SC-7(5).v4-r01
  retry once: SC-7(5).v4-r01 rc=1
  FAILED SC-7(5).v4-r01
[494/600] SC-7(5).v4-r02
  retry once: SC-7(5).v4-r02 rc=1
  FAILED SC-7(5).v4-r02
[495/600] SC-7(5).v4-r03
  retry once: SC-7(5).v4-r03 rc=1
  FAILED SC-7(5).v4-r03
[496/600] SI-12.v0-r01
  retry once: SI-12.v0-r01 rc=1
  FAILED SI-12.v0-r01
[497/600] SI-12.v0-r02
  retry once: SI-12.v0-r02 rc=1
  FAILED SI-12.v0-r02
[498/600] SI-12.v0-r03
  retry once: SI-12.v0-r03 rc=1
  FAILED SI-12.v0-r03
[499/600] SI-12.v1-r01
  retry once: SI-12.v1-r01 rc=1
  FAILED SI-12.v1-r01
[500/600] SI-12.v1-r02
  retry once: SI-12.v1-r02 rc=1
  FAILED SI-12.v1-r02
[501/600] SI-12.v1-r03
  retry once: SI-12.v1-r03 rc=1
  FAILED SI-12.v1-r03
[502/600] SI-12.v2-r01
  retry once: SI-12.v2-r01 rc=1
  FAILED SI-12.v2-r01
[503/600] SI-12.v2-r02
  retry once: SI-12.v2-r02 rc=1
  FAILED SI-12.v2-r02
[504/600] SI-12.v2-r03
  retry once: SI-12.v2-r03 rc=1
  FAILED SI-12.v2-r03
[505/600] SI-12.v3-r01
  retry once: SI-12.v3-r01 rc=1
  FAILED SI-12.v3-r01
[506/600] SI-12.v3-r02
  retry once: SI-12.v3-r02 rc=1
  FAILED SI-12.v3-r02
[507/600] SI-12.v3-r03
  retry once: SI-12.v3-r03 rc=1
  FAILED SI-12.v3-r03
[508/600] SI-12.v4-r01
  retry once: SI-12.v4-r01 rc=1
  FAILED SI-12.v4-r01
[509/600] SI-12.v4-r02
  retry once: SI-12.v4-r02 rc=1
  FAILED SI-12.v4-r02
[510/600] SI-12.v4-r03
  retry once: SI-12.v4-r03 rc=1
  FAILED SI-12.v4-r03
[511/600] SI-2(2).v0-r01
  retry once: SI-2(2).v0-r01 rc=1
  FAILED SI-2(2).v0-r01
[512/600] SI-2(2).v0-r02
  retry once: SI-2(2).v0-r02 rc=1
  FAILED SI-2(2).v0-r02
[513/600] SI-2(2).v0-r03
  retry once: SI-2(2).v0-r03 rc=1
  FAILED SI-2(2).v0-r03
[514/600] SI-2(2).v1-r01
  retry once: SI-2(2).v1-r01 rc=1
  FAILED SI-2(2).v1-r01
[515/600] SI-2(2).v1-r02
  retry once: SI-2(2).v1-r02 rc=1
  FAILED SI-2(2).v1-r02
[516/600] SI-2(2).v1-r03
  retry once: SI-2(2).v1-r03 rc=1
  FAILED SI-2(2).v1-r03
[517/600] SI-2(2).v2-r01
  retry once: SI-2(2).v2-r01 rc=1
  FAILED SI-2(2).v2-r01
[518/600] SI-2(2).v2-r02
  retry once: SI-2(2).v2-r02 rc=1
  FAILED SI-2(2).v2-r02
[519/600] SI-2(2).v2-r03
  retry once: SI-2(2).v2-r03 rc=1
  FAILED SI-2(2).v2-r03
[520/600] SI-2(2).v3-r01
  retry once: SI-2(2).v3-r01 rc=1
  FAILED SI-2(2).v3-r01
[521/600] SI-2(2).v3-r02
  retry once: SI-2(2).v3-r02 rc=1
  FAILED SI-2(2).v3-r02
[522/600] SI-2(2).v3-r03
  retry once: SI-2(2).v3-r03 rc=1
  FAILED SI-2(2).v3-r03
[523/600] SI-2(2).v4-r01
  retry once: SI-2(2).v4-r01 rc=1
  FAILED SI-2(2).v4-r01
[524/600] SI-2(2).v4-r02
  retry once: SI-2(2).v4-r02 rc=1
  FAILED SI-2(2).v4-r02
[525/600] SI-2(2).v4-r03
  retry once: SI-2(2).v4-r03 rc=1
  FAILED SI-2(2).v4-r03
[526/600] SI-2.v0-r01
  retry once: SI-2.v0-r01 rc=1
  FAILED SI-2.v0-r01
[527/600] SI-2.v0-r02
  retry once: SI-2.v0-r02 rc=1
  FAILED SI-2.v0-r02
[528/600] SI-2.v0-r03
  retry once: SI-2.v0-r03 rc=1
  FAILED SI-2.v0-r03
[529/600] SI-2.v1-r01
  retry once: SI-2.v1-r01 rc=1
  FAILED SI-2.v1-r01
[530/600] SI-2.v1-r02
  retry once: SI-2.v1-r02 rc=1
  FAILED SI-2.v1-r02
[531/600] SI-2.v1-r03
  retry once: SI-2.v1-r03 rc=1
  FAILED SI-2.v1-r03
[532/600] SI-2.v2-r01
  retry once: SI-2.v2-r01 rc=1
  FAILED SI-2.v2-r01
[533/600] SI-2.v2-r02
  retry once: SI-2.v2-r02 rc=1
  FAILED SI-2.v2-r02
[534/600] SI-2.v2-r03
  retry once: SI-2.v2-r03 rc=1
  FAILED SI-2.v2-r03
[535/600] SI-2.v3-r01
  retry once: SI-2.v3-r01 rc=1
  FAILED SI-2.v3-r01
[536/600] SI-2.v3-r02
  retry once: SI-2.v3-r02 rc=1
  FAILED SI-2.v3-r02
[537/600] SI-2.v3-r03
  retry once: SI-2.v3-r03 rc=1
  FAILED SI-2.v3-r03
[538/600] SI-2.v4-r01
  retry once: SI-2.v4-r01 rc=1
  FAILED SI-2.v4-r01
[539/600] SI-2.v4-r02
  retry once: SI-2.v4-r02 rc=1
  FAILED SI-2.v4-r02
[540/600] SI-2.v4-r03
  retry once: SI-2.v4-r03 rc=1
  FAILED SI-2.v4-r03
[541/600] SI-4(2).v0-r01
  retry once: SI-4(2).v0-r01 rc=1
  FAILED SI-4(2).v0-r01
[542/600] SI-4(2).v0-r02
  retry once: SI-4(2).v0-r02 rc=1
  FAILED SI-4(2).v0-r02
[543/600] SI-4(2).v0-r03
  retry once: SI-4(2).v0-r03 rc=1
  FAILED SI-4(2).v0-r03
[544/600] SI-4(2).v1-r01
  retry once: SI-4(2).v1-r01 rc=1
  FAILED SI-4(2).v1-r01
[545/600] SI-4(2).v1-r02
  retry once: SI-4(2).v1-r02 rc=1
  FAILED SI-4(2).v1-r02
[546/600] SI-4(2).v1-r03
  retry once: SI-4(2).v1-r03 rc=1
  FAILED SI-4(2).v1-r03
[547/600] SI-4(2).v2-r01
  retry once: SI-4(2).v2-r01 rc=1
  FAILED SI-4(2).v2-r01
[548/600] SI-4(2).v2-r02
  retry once: SI-4(2).v2-r02 rc=1
  FAILED SI-4(2).v2-r02
[549/600] SI-4(2).v2-r03
  retry once: SI-4(2).v2-r03 rc=1
  FAILED SI-4(2).v2-r03
[550/600] SI-4(2).v3-r01
  retry once: SI-4(2).v3-r01 rc=1
  FAILED SI-4(2).v3-r01
[551/600] SI-4(2).v3-r02
  retry once: SI-4(2).v3-r02 rc=1
  FAILED SI-4(2).v3-r02
[552/600] SI-4(2).v3-r03
  retry once: SI-4(2).v3-r03 rc=1
  FAILED SI-4(2).v3-r03
[553/600] SI-4(2).v4-r01
  retry once: SI-4(2).v4-r01 rc=1
  FAILED SI-4(2).v4-r01
[554/600] SI-4(2).v4-r02
  retry once: SI-4(2).v4-r02 rc=1
  FAILED SI-4(2).v4-r02
[555/600] SI-4(2).v4-r03
  retry once: SI-4(2).v4-r03 rc=1
  FAILED SI-4(2).v4-r03
[556/600] SI-4.v0-r01
  retry once: SI-4.v0-r01 rc=1
  FAILED SI-4.v0-r01
[557/600] SI-4.v0-r02
  retry once: SI-4.v0-r02 rc=1
  FAILED SI-4.v0-r02
[558/600] SI-4.v0-r03
  retry once: SI-4.v0-r03 rc=1
  FAILED SI-4.v0-r03
[559/600] SI-4.v1-r01
  retry once: SI-4.v1-r01 rc=1
  FAILED SI-4.v1-r01
[560/600] SI-4.v1-r02
  retry once: SI-4.v1-r02 rc=1
  FAILED SI-4.v1-r02
[561/600] SI-4.v1-r03
  retry once: SI-4.v1-r03 rc=1
  FAILED SI-4.v1-r03
[562/600] SI-4.v2-r01
  retry once: SI-4.v2-r01 rc=1
  FAILED SI-4.v2-r01
[563/600] SI-4.v2-r02
  retry once: SI-4.v2-r02 rc=1
  FAILED SI-4.v2-r02
[564/600] SI-4.v2-r03
  retry once: SI-4.v2-r03 rc=1
  FAILED SI-4.v2-r03
[565/600] SI-4.v3-r01
  retry once: SI-4.v3-r01 rc=1
  FAILED SI-4.v3-r01
[566/600] SI-4.v3-r02
  retry once: SI-4.v3-r02 rc=1
  FAILED SI-4.v3-r02
[567/600] SI-4.v3-r03
  retry once: SI-4.v3-r03 rc=1
  FAILED SI-4.v3-r03
[568/600] SI-4.v4-r01
  retry once: SI-4.v4-r01 rc=1
  FAILED SI-4.v4-r01
[569/600] SI-4.v4-r02
  retry once: SI-4.v4-r02 rc=1
  FAILED SI-4.v4-r02
[570/600] SI-4.v4-r03
  retry once: SI-4.v4-r03 rc=1
  FAILED SI-4.v4-r03
[571/600] SI-6.v0-r01
  retry once: SI-6.v0-r01 rc=1
  FAILED SI-6.v0-r01
[572/600] SI-6.v0-r02
  retry once: SI-6.v0-r02 rc=1
  FAILED SI-6.v0-r02
[573/600] SI-6.v0-r03
  retry once: SI-6.v0-r03 rc=1
  FAILED SI-6.v0-r03
[574/600] SI-6.v1-r01
  retry once: SI-6.v1-r01 rc=1
  FAILED SI-6.v1-r01
[575/600] SI-6.v1-r02
  retry once: SI-6.v1-r02 rc=1
  FAILED SI-6.v1-r02
[576/600] SI-6.v1-r03
  retry once: SI-6.v1-r03 rc=1
  FAILED SI-6.v1-r03
[577/600] SI-6.v2-r01
  retry once: SI-6.v2-r01 rc=1
  FAILED SI-6.v2-r01
[578/600] SI-6.v2-r02
  retry once: SI-6.v2-r02 rc=1
  FAILED SI-6.v2-r02
[579/600] SI-6.v2-r03
  retry once: SI-6.v2-r03 rc=1
  FAILED SI-6.v2-r03
[580/600] SI-6.v3-r01
  retry once: SI-6.v3-r01 rc=1
  FAILED SI-6.v3-r01
[581/600] SI-6.v3-r02
  retry once: SI-6.v3-r02 rc=1
  FAILED SI-6.v3-r02
[582/600] SI-6.v3-r03
  retry once: SI-6.v3-r03 rc=1
  FAILED SI-6.v3-r03
[583/600] SI-6.v4-r01
  retry once: SI-6.v4-r01 rc=1
  FAILED SI-6.v4-r01
[584/600] SI-6.v4-r02
  retry once: SI-6.v4-r02 rc=1
  FAILED SI-6.v4-r02
[585/600] SI-6.v4-r03
  retry once: SI-6.v4-r03 rc=1
  FAILED SI-6.v4-r03
[586/600] SI-7.v0-r01
  retry once: SI-7.v0-r01 rc=1
  FAILED SI-7.v0-r01
[587/600] SI-7.v0-r02
  retry once: SI-7.v0-r02 rc=1
  FAILED SI-7.v0-r02
[588/600] SI-7.v0-r03
  retry once: SI-7.v0-r03 rc=1
  FAILED SI-7.v0-r03
[589/600] SI-7.v1-r01
  retry once: SI-7.v1-r01 rc=1
  FAILED SI-7.v1-r01
[590/600] SI-7.v1-r02
  retry once: SI-7.v1-r02 rc=1
  FAILED SI-7.v1-r02
[591/600] SI-7.v1-r03
  retry once: SI-7.v1-r03 rc=1
  FAILED SI-7.v1-r03
[592/600] SI-7.v2-r01
  retry once: SI-7.v2-r01 rc=1
  FAILED SI-7.v2-r01
[593/600] SI-7.v2-r02
  retry once: SI-7.v2-r02 rc=1
  FAILED SI-7.v2-r02
[594/600] SI-7.v2-r03
  retry once: SI-7.v2-r03 rc=1
  FAILED SI-7.v2-r03
[595/600] SI-7.v3-r01
  retry once: SI-7.v3-r01 rc=1
  FAILED SI-7.v3-r01
[596/600] SI-7.v3-r02
  retry once: SI-7.v3-r02 rc=1
  FAILED SI-7.v3-r02
[597/600] SI-7.v3-r03
  retry once: SI-7.v3-r03 rc=1
  FAILED SI-7.v3-r03
[598/600] SI-7.v4-r01
  retry once: SI-7.v4-r01 rc=1
  FAILED SI-7.v4-r01
[599/600] SI-7.v4-r02
  retry once: SI-7.v4-r02 rc=1
  FAILED SI-7.v4-r02
[600/600] SI-7.v4-r03
  retry once: SI-7.v4-r03 rc=1
  FAILED SI-7.v4-r03
done. completed=7 failed=593
[8/600] AC-2(7).v2-r02
[9/600] AC-2(7).v2-r03
[10/600] AC-2(7).v3-r01
[11/600] AC-2(7).v3-r02
[12/600] AC-2(7).v3-r03
[13/600] AC-2(7).v4-r01
[14/600] AC-2(7).v4-r02
[15/600] AC-2(7).v4-r03
[16/600] AC-3.v0-r01
[17/600] AC-3.v0-r02
[18/600] AC-3.v0-r03
[19/600] AC-3.v1-r01
[20/600] AC-3.v1-r02
[21/600] AC-3.v1-r03
[22/600] AC-3.v2-r01
[23/600] AC-3.v2-r02
[24/600] AC-3.v2-r03
[25/600] AC-3.v3-r01
[26/600] AC-3.v3-r02
[27/600] AC-3.v3-r03
[28/600] AC-3.v4-r01
[29/600] AC-3.v4-r02
[30/600] AC-3.v4-r03
[31/600] AC-5.v0-r01
[32/600] AC-5.v0-r02
[33/600] AC-5.v0-r03
[34/600] AC-5.v1-r01
[35/600] AC-5.v1-r02
[36/600] AC-5.v1-r03
[37/600] AC-5.v2-r01
[38/600] AC-5.v2-r02
[39/600] AC-5.v2-r03
[40/600] AC-5.v3-r01
[41/600] AC-5.v3-r02
[42/600] AC-5.v3-r03
[43/600] AC-5.v4-r01
[44/600] AC-5.v4-r02
[45/600] AC-5.v4-r03
[46/600] AC-6(10).v0-r01
[47/600] AC-6(10).v0-r02
[48/600] AC-6(10).v0-r03
[49/600] AC-6(10).v1-r01
[50/600] AC-6(10).v1-r02
[51/600] AC-6(10).v1-r03
[52/600] AC-6(10).v2-r01
[53/600] AC-6(10).v2-r02
[54/600] AC-6(10).v2-r03
[55/600] AC-6(10).v3-r01
[56/600] AC-6(10).v3-r02
[57/600] AC-6(10).v3-r03
[58/600] AC-6(10).v4-r01
[59/600] AC-6(10).v4-r02
[60/600] AC-6(10).v4-r03
[61/600] AC-6(5).v0-r01
[62/600] AC-6(5).v0-r02
[63/600] AC-6(5).v0-r03
[64/600] AC-6(5).v1-r01
[65/600] AC-6(5).v1-r02
[66/600] AC-6(5).v1-r03
[67/600] AC-6(5).v2-r01
[68/600] AC-6(5).v2-r02
[69/600] AC-6(5).v2-r03
[70/600] AC-6(5).v3-r01
[71/600] AC-6(5).v3-r02
[72/600] AC-6(5).v3-r03
[73/600] AC-6(5).v4-r01
[74/600] AC-6(5).v4-r02
[75/600] AC-6(5).v4-r03
[76/600] AC-6(7).v0-r01
[77/600] AC-6(7).v0-r02
[78/600] AC-6(7).v0-r03
[79/600] AC-6(7).v1-r01
[80/600] AC-6(7).v1-r02
[81/600] AC-6(7).v1-r03
[82/600] AC-6(7).v2-r01
[83/600] AC-6(7).v2-r02
[84/600] AC-6(7).v2-r03
[85/600] AC-6(7).v3-r01
[86/600] AC-6(7).v3-r02
[87/600] AC-6(7).v3-r03
[88/600] AC-6(7).v4-r01
[89/600] AC-6(7).v4-r02
[90/600] AC-6(7).v4-r03
[91/600] AC-6(9).v0-r01
[92/600] AC-6(9).v0-r02
[93/600] AC-6(9).v0-r03
[94/600] AC-6(9).v1-r01
[95/600] AC-6(9).v1-r02
[96/600] AC-6(9).v1-r03
[97/600] AC-6(9).v2-r01
[98/600] AC-6(9).v2-r02
[99/600] AC-6(9).v2-r03
[100/600] AC-6(9).v3-r01
[101/600] AC-6(9).v3-r02
[102/600] AC-6(9).v3-r03
[103/600] AC-6(9).v4-r01
[104/600] AC-6(9).v4-r02
[105/600] AC-6(9).v4-r03
[106/600] AC-6.v0-r01
[107/600] AC-6.v0-r02
[108/600] AC-6.v0-r03
[109/600] AC-6.v1-r01
[110/600] AC-6.v1-r02
[111/600] AC-6.v1-r03
[112/600] AC-6.v2-r01
[113/600] AC-6.v2-r02
[114/600] AC-6.v2-r03
[115/600] AC-6.v3-r01
[116/600] AC-6.v3-r02
[117/600] AC-6.v3-r03
[118/600] AC-6.v4-r01
[119/600] AC-6.v4-r02
[120/600] AC-6.v4-r03
[121/600] AU-12(1).v0-r01
[122/600] AU-12(1).v0-r02
[123/600] AU-12(1).v0-r03
[124/600] AU-12(1).v1-r01
[125/600] AU-12(1).v1-r02
[126/600] AU-12(1).v1-r03
[127/600] AU-12(1).v2-r01
[128/600] AU-12(1).v2-r02
[129/600] AU-12(1).v2-r03
[130/600] AU-12(1).v3-r01
[131/600] AU-12(1).v3-r02
[132/600] AU-12(1).v3-r03
[133/600] AU-12(1).v4-r01
[134/600] AU-12(1).v4-r02
[135/600] AU-12(1).v4-r03
[136/600] AU-12.v0-r01
[137/600] AU-12.v0-r02
[138/600] AU-12.v0-r03
[139/600] AU-12.v1-r01
[140/600] AU-12.v1-r02
[141/600] AU-12.v1-r03
[142/600] AU-12.v2-r01
[143/600] AU-12.v2-r02
[144/600] AU-12.v2-r03
[145/600] AU-12.v3-r01
[146/600] AU-12.v3-r02
[147/600] AU-12.v3-r03
[148/600] AU-12.v4-r01
[149/600] AU-12.v4-r02
[150/600] AU-12.v4-r03
[151/600] AU-2.v0-r01
[152/600] AU-2.v0-r02
[153/600] AU-2.v0-r03
[154/600] AU-2.v1-r01
[155/600] AU-2.v1-r02
[156/600] AU-2.v1-r03
[157/600] AU-2.v2-r01
[158/600] AU-2.v2-r02
[159/600] AU-2.v2-r03
[160/600] AU-2.v3-r01
[161/600] AU-2.v3-r02
[162/600] AU-2.v3-r03
[163/600] AU-2.v4-r01
[164/600] AU-2.v4-r02
[165/600] AU-2.v4-r03
[166/600] AU-3.v0-r01
[167/600] AU-3.v0-r02
[168/600] AU-3.v0-r03
[169/600] AU-3.v1-r01
  retry once: AU-3.v1-r01 rc=1
[170/600] AU-3.v1-r02
[171/600] AU-3.v1-r03
[172/600] AU-3.v2-r01
[173/600] AU-3.v2-r02
[174/600] AU-3.v2-r03
[175/600] AU-3.v3-r01
[176/600] AU-3.v3-r02
[177/600] AU-3.v3-r03
[178/600] AU-3.v4-r01
[179/600] AU-3.v4-r02
[180/600] AU-3.v4-r03
[181/600] AU-6(3).v0-r01
[182/600] AU-6(3).v0-r02
[183/600] AU-6(3).v0-r03
[184/600] AU-6(3).v1-r01
[185/600] AU-6(3).v1-r02
[186/600] AU-6(3).v1-r03
[187/600] AU-6(3).v2-r01
[188/600] AU-6(3).v2-r02
[189/600] AU-6(3).v2-r03
[190/600] AU-6(3).v3-r01
[191/600] AU-6(3).v3-r02
[192/600] AU-6(3).v3-r03
[193/600] AU-6(3).v4-r01
[194/600] AU-6(3).v4-r02
[195/600] AU-6(3).v4-r03
[196/600] AU-6.v0-r01
[197/600] AU-6.v0-r02
[198/600] AU-6.v0-r03
[199/600] AU-6.v1-r01
[200/600] AU-6.v1-r02
[201/600] AU-6.v1-r03
[202/600] AU-6.v2-r01
[203/600] AU-6.v2-r02
[204/600] AU-6.v2-r03
[205/600] AU-6.v3-r01
[206/600] AU-6.v3-r02
[207/600] AU-6.v3-r03
[208/600] AU-6.v4-r01
[209/600] AU-6.v4-r02
[210/600] AU-6.v4-r03
[211/600] AU-8.v0-r01
[212/600] AU-8.v0-r02
[213/600] AU-8.v0-r03
[214/600] AU-8.v1-r01
[215/600] AU-8.v1-r02
[216/600] AU-8.v1-r03
[217/600] AU-8.v2-r01
[218/600] AU-8.v2-r02
[219/600] AU-8.v2-r03
[220/600] AU-8.v3-r01
[221/600] AU-8.v3-r02
[222/600] AU-8.v3-r03
[223/600] AU-8.v4-r01
[224/600] AU-8.v4-r02
[225/600] AU-8.v4-r03
[226/600] CA-7.v0-r01
[227/600] CA-7.v0-r02
[228/600] CA-7.v0-r03
[229/600] CA-7.v1-r01
[230/600] CA-7.v1-r02
[231/600] CA-7.v1-r03
[232/600] CA-7.v2-r01
[233/600] CA-7.v2-r02
[234/600] CA-7.v2-r03
[235/600] CA-7.v3-r01
[236/600] CA-7.v3-r02
[237/600] CA-7.v3-r03
[238/600] CA-7.v4-r01
[239/600] CA-7.v4-r02
[240/600] CA-7.v4-r03
[241/600] CM-2.v0-r01
[242/600] CM-2.v0-r02
[243/600] CM-2.v0-r03
[244/600] CM-2.v1-r01
[245/600] CM-2.v1-r02
[246/600] CM-2.v1-r03
[247/600] CM-2.v2-r01
[248/600] CM-2.v2-r02
[249/600] CM-2.v2-r03
[250/600] CM-2.v3-r01
[251/600] CM-2.v3-r02
[252/600] CM-2.v3-r03
[253/600] CM-2.v4-r01
[254/600] CM-2.v4-r02
[255/600] CM-2.v4-r03
[256/600] CM-3(1).v0-r01
[257/600] CM-3(1).v0-r02
[258/600] CM-3(1).v0-r03
[259/600] CM-3(1).v1-r01
[260/600] CM-3(1).v1-r02
[261/600] CM-3(1).v1-r03
[262/600] CM-3(1).v2-r01
[263/600] CM-3(1).v2-r02
[264/600] CM-3(1).v2-r03
[265/600] CM-3(1).v3-r01
[266/600] CM-3(1).v3-r02
[267/600] CM-3(1).v3-r03
[268/600] CM-3(1).v4-r01
[269/600] CM-3(1).v4-r02
[270/600] CM-3(1).v4-r03
[271/600] CM-3(2).v0-r01
[272/600] CM-3(2).v0-r02
[273/600] CM-3(2).v0-r03
[274/600] CM-3(2).v1-r01
[275/600] CM-3(2).v1-r02
[276/600] CM-3(2).v1-r03
[277/600] CM-3(2).v2-r01
[278/600] CM-3(2).v2-r02
[279/600] CM-3(2).v2-r03
[280/600] CM-3(2).v3-r01
[281/600] CM-3(2).v3-r02
[282/600] CM-3(2).v3-r03
[283/600] CM-3(2).v4-r01
[284/600] CM-3(2).v4-r02
[285/600] CM-3(2).v4-r03
[286/600] CM-3.v0-r01
[287/600] CM-3.v0-r02
[288/600] CM-3.v0-r03
[289/600] CM-3.v1-r01
[290/600] CM-3.v1-r02
[291/600] CM-3.v1-r03
[292/600] CM-3.v2-r01
[293/600] CM-3.v2-r02
[294/600] CM-3.v2-r03
[295/600] CM-3.v3-r01
[296/600] CM-3.v3-r02
[297/600] CM-3.v3-r03
[298/600] CM-3.v4-r01
[299/600] CM-3.v4-r02
[300/600] CM-3.v4-r03
[301/600] CM-6.v0-r01
[302/600] CM-6.v0-r02
[303/600] CM-6.v0-r03
[304/600] CM-6.v1-r01
[305/600] CM-6.v1-r02
[306/600] CM-6.v1-r03
[307/600] CM-6.v2-r01
[308/600] CM-6.v2-r02
[309/600] CM-6.v2-r03
[310/600] CM-6.v3-r01
[311/600] CM-6.v3-r02
[312/600] CM-6.v3-r03
[313/600] CM-6.v4-r01
[314/600] CM-6.v4-r02
[315/600] CM-6.v4-r03
[316/600] CM-7(1).v0-r01
[317/600] CM-7(1).v0-r02
[318/600] CM-7(1).v0-r03
[319/600] CM-7(1).v1-r01
[320/600] CM-7(1).v1-r02
[321/600] CM-7(1).v1-r03
[322/600] CM-7(1).v2-r01
[323/600] CM-7(1).v2-r02
[324/600] CM-7(1).v2-r03
[325/600] CM-7(1).v3-r01
[326/600] CM-7(1).v3-r02
[327/600] CM-7(1).v3-r03
[328/600] CM-7(1).v4-r01
[329/600] CM-7(1).v4-r02
[330/600] CM-7(1).v4-r03
[331/600] CM-8(1).v0-r01
[332/600] CM-8(1).v0-r02
[333/600] CM-8(1).v0-r03
[334/600] CM-8(1).v1-r01
[335/600] CM-8(1).v1-r02
[336/600] CM-8(1).v1-r03
[337/600] CM-8(1).v2-r01
[338/600] CM-8(1).v2-r02
[339/600] CM-8(1).v2-r03
[340/600] CM-8(1).v3-r01
[341/600] CM-8(1).v3-r02
[342/600] CM-8(1).v3-r03
[343/600] CM-8(1).v4-r01
[344/600] CM-8(1).v4-r02
[345/600] CM-8(1).v4-r03
[346/600] CM-8.v0-r01
[347/600] CM-8.v0-r02
[348/600] CM-8.v0-r03
[349/600] CM-8.v1-r01
[350/600] CM-8.v1-r02
[351/600] CM-8.v1-r03
[352/600] CM-8.v2-r01
[353/600] CM-8.v2-r02
[354/600] CM-8.v2-r03
[355/600] CM-8.v3-r01
[356/600] CM-8.v3-r02
[357/600] CM-8.v3-r03
[358/600] CM-8.v4-r01
[359/600] CM-8.v4-r02
[360/600] CM-8.v4-r03
[361/600] RA-3.v0-r01
[362/600] RA-3.v0-r02
[363/600] RA-3.v0-r03
[364/600] RA-3.v1-r01
[365/600] RA-3.v1-r02
[366/600] RA-3.v1-r03
[367/600] RA-3.v2-r01
[368/600] RA-3.v2-r02
[369/600] RA-3.v2-r03
[370/600] RA-3.v3-r01
  retry once: RA-3.v3-r01 rc=1
[371/600] RA-3.v3-r02
[372/600] RA-3.v3-r03
[373/600] RA-3.v4-r01
[374/600] RA-3.v4-r02
[375/600] RA-3.v4-r03
[376/600] RA-7.v0-r01
[377/600] RA-7.v0-r02
[378/600] RA-7.v0-r03
[379/600] RA-7.v1-r01
[380/600] RA-7.v1-r02
[381/600] RA-7.v1-r03
[382/600] RA-7.v2-r01
[383/600] RA-7.v2-r02
[384/600] RA-7.v2-r03
[385/600] RA-7.v3-r01
[386/600] RA-7.v3-r02
[387/600] RA-7.v3-r03
[388/600] RA-7.v4-r01
[389/600] RA-7.v4-r02
[390/600] RA-7.v4-r03
[391/600] SA-10(5).v0-r01
[392/600] SA-10(5).v0-r02
[393/600] SA-10(5).v0-r03
[394/600] SA-10(5).v1-r01
[395/600] SA-10(5).v1-r02
[396/600] SA-10(5).v1-r03
[397/600] SA-10(5).v2-r01
[398/600] SA-10(5).v2-r02
[399/600] SA-10(5).v2-r03
[400/600] SA-10(5).v3-r01
[401/600] SA-10(5).v3-r02
[402/600] SA-10(5).v3-r03
[403/600] SA-10(5).v4-r01
[404/600] SA-10(5).v4-r02
[405/600] SA-10(5).v4-r03
[406/600] SA-10.v0-r01
[407/600] SA-10.v0-r02
[408/600] SA-10.v0-r03
[409/600] SA-10.v1-r01
[410/600] SA-10.v1-r02
[411/600] SA-10.v1-r03
[412/600] SA-10.v2-r01
[413/600] SA-10.v2-r02
[414/600] SA-10.v2-r03
[415/600] SA-10.v3-r01
[416/600] SA-10.v3-r02
[417/600] SA-10.v3-r03
[418/600] SA-10.v4-r01
[419/600] SA-10.v4-r02
[420/600] SA-10.v4-r03
[421/600] SA-11.v0-r01
[422/600] SA-11.v0-r02
[423/600] SA-11.v0-r03
[424/600] SA-11.v1-r01
[425/600] SA-11.v1-r02
[426/600] SA-11.v1-r03
[427/600] SA-11.v2-r01
[428/600] SA-11.v2-r02
[429/600] SA-11.v2-r03
[430/600] SA-11.v3-r01
[431/600] SA-11.v3-r02
[432/600] SA-11.v3-r03
[433/600] SA-11.v4-r01
[434/600] SA-11.v4-r02
[435/600] SA-11.v4-r03
[436/600] SA-4(8).v0-r01
[437/600] SA-4(8).v0-r02
[438/600] SA-4(8).v0-r03
[439/600] SA-4(8).v1-r01
[440/600] SA-4(8).v1-r02
[441/600] SA-4(8).v1-r03
[442/600] SA-4(8).v2-r01
[443/600] SA-4(8).v2-r02
[444/600] SA-4(8).v2-r03
[445/600] SA-4(8).v3-r01
[446/600] SA-4(8).v3-r02
[447/600] SA-4(8).v3-r03
[448/600] SA-4(8).v4-r01
[449/600] SA-4(8).v4-r02
[450/600] SA-4(8).v4-r03
[451/600] SA-8(32).v0-r01
[452/600] SA-8(32).v0-r02
[453/600] SA-8(32).v0-r03
[454/600] SA-8(32).v1-r01
[455/600] SA-8(32).v1-r02
[456/600] SA-8(32).v1-r03
[457/600] SA-8(32).v2-r01
[458/600] SA-8(32).v2-r02
[459/600] SA-8(32).v2-r03
[460/600] SA-8(32).v3-r01
[461/600] SA-8(32).v3-r02
[462/600] SA-8(32).v3-r03
[463/600] SA-8(32).v4-r01
[464/600] SA-8(32).v4-r02
[465/600] SA-8(32).v4-r03
[466/600] SC-28(1).v0-r01
[467/600] SC-28(1).v0-r02
[468/600] SC-28(1).v0-r03
[469/600] SC-28(1).v1-r01
[470/600] SC-28(1).v1-r02
[471/600] SC-28(1).v1-r03
[472/600] SC-28(1).v2-r01
[473/600] SC-28(1).v2-r02
[474/600] SC-28(1).v2-r03
[475/600] SC-28(1).v3-r01
[476/600] SC-28(1).v3-r02
[477/600] SC-28(1).v3-r03
[478/600] SC-28(1).v4-r01
[479/600] SC-28(1).v4-r02
[480/600] SC-28(1).v4-r03
[481/600] SC-7(5).v0-r01
[482/600] SC-7(5).v0-r02
[483/600] SC-7(5).v0-r03
[484/600] SC-7(5).v1-r01
[485/600] SC-7(5).v1-r02
[486/600] SC-7(5).v1-r03
[487/600] SC-7(5).v2-r01
[488/600] SC-7(5).v2-r02
[489/600] SC-7(5).v2-r03
[490/600] SC-7(5).v3-r01
[491/600] SC-7(5).v3-r02
[492/600] SC-7(5).v3-r03
[493/600] SC-7(5).v4-r01
[494/600] SC-7(5).v4-r02
[495/600] SC-7(5).v4-r03
[496/600] SI-12.v0-r01
[497/600] SI-12.v0-r02
[498/600] SI-12.v0-r03
[499/600] SI-12.v1-r01
[500/600] SI-12.v1-r02
[501/600] SI-12.v1-r03
[502/600] SI-12.v2-r01
[503/600] SI-12.v2-r02
[504/600] SI-12.v2-r03
[505/600] SI-12.v3-r01
[506/600] SI-12.v3-r02
[507/600] SI-12.v3-r03
[508/600] SI-12.v4-r01
[509/600] SI-12.v4-r02
[510/600] SI-12.v4-r03
[511/600] SI-2(2).v0-r01
[512/600] SI-2(2).v0-r02
[513/600] SI-2(2).v0-r03
[514/600] SI-2(2).v1-r01
[515/600] SI-2(2).v1-r02
[516/600] SI-2(2).v1-r03
[517/600] SI-2(2).v2-r01
[518/600] SI-2(2).v2-r02
[519/600] SI-2(2).v2-r03
[520/600] SI-2(2).v3-r01
[521/600] SI-2(2).v3-r02
[522/600] SI-2(2).v3-r03
[523/600] SI-2(2).v4-r01
[524/600] SI-2(2).v4-r02
[525/600] SI-2(2).v4-r03
[526/600] SI-2.v0-r01
[527/600] SI-2.v0-r02
[528/600] SI-2.v0-r03
[529/600] SI-2.v1-r01
[530/600] SI-2.v1-r02
[531/600] SI-2.v1-r03
[532/600] SI-2.v2-r01
[533/600] SI-2.v2-r02
[534/600] SI-2.v2-r03
[535/600] SI-2.v3-r01
[536/600] SI-2.v3-r02
[537/600] SI-2.v3-r03
[538/600] SI-2.v4-r01
[539/600] SI-2.v4-r02
[540/600] SI-2.v4-r03
[541/600] SI-4(2).v0-r01
[542/600] SI-4(2).v0-r02
[543/600] SI-4(2).v0-r03
[544/600] SI-4(2).v1-r01
[545/600] SI-4(2).v1-r02
[546/600] SI-4(2).v1-r03
[547/600] SI-4(2).v2-r01
[548/600] SI-4(2).v2-r02
[549/600] SI-4(2).v2-r03
[550/600] SI-4(2).v3-r01
[551/600] SI-4(2).v3-r02
[552/600] SI-4(2).v3-r03
[553/600] SI-4(2).v4-r01
[554/600] SI-4(2).v4-r02
[555/600] SI-4(2).v4-r03
[556/600] SI-4.v0-r01
[557/600] SI-4.v0-r02
[558/600] SI-4.v0-r03
[559/600] SI-4.v1-r01
[560/600] SI-4.v1-r02
[561/600] SI-4.v1-r03
[562/600] SI-4.v2-r01
[563/600] SI-4.v2-r02
[564/600] SI-4.v2-r03
[565/600] SI-4.v3-r01
[566/600] SI-4.v3-r02
[567/600] SI-4.v3-r03
[568/600] SI-4.v4-r01
[569/600] SI-4.v4-r02
[570/600] SI-4.v4-r03
[571/600] SI-6.v0-r01
[572/600] SI-6.v0-r02
[573/600] SI-6.v0-r03
[574/600] SI-6.v1-r01
[575/600] SI-6.v1-r02
[576/600] SI-6.v1-r03
[577/600] SI-6.v2-r01
[578/600] SI-6.v2-r02
[579/600] SI-6.v2-r03
[580/600] SI-6.v3-r01
[581/600] SI-6.v3-r02
[582/600] SI-6.v3-r03
[583/600] SI-6.v4-r01
[584/600] SI-6.v4-r02
[585/600] SI-6.v4-r03
[586/600] SI-7.v0-r01
[587/600] SI-7.v0-r02
[588/600] SI-7.v0-r03
[589/600] SI-7.v1-r01
[590/600] SI-7.v1-r02
[591/600] SI-7.v1-r03
[592/600] SI-7.v2-r01
[593/600] SI-7.v2-r02
[594/600] SI-7.v2-r03
[595/600] SI-7.v3-r01
[596/600] SI-7.v3-r02
[597/600] SI-7.v3-r03
[598/600] SI-7.v4-r01
[599/600] SI-7.v4-r02
[600/600] SI-7.v4-r03
done. completed=600 failed=593
